Errors only

biz@acer-biz:~$ journalctl -p err
сен 19 18:57:04 acer-picasso systemd[1]: Failed to find module 'autofs4'
сен 19 18:57:04 acer-picasso systemd-modules-load[832]: Error running install command '/sbin/modprobe --ignore-install snd  && { /sbin/modprobe --quiet --use-blacklist snd-ioctl32 ; /sbin/modprobe --quiet --use-b>
сен 19 18:57:04 acer-picasso systemd-modules-load[832]: Failed to insert module 'snd_soc_tegra20_i2s': Invalid argument
сен 19 18:57:07 acer-picasso systemd[1]: Failed to start Load Kernel Modules.
-- Boot a2b89cbcf27447acb0bfca38aef7e26c --
ноя 21 22:57:20 acer-biz systemd[1]: Failed to find module 'autofs4'
-- Boot 5a3791ed702947fabd9f66c31b8ea0f7 --
ноя 21 22:57:20 acer-biz systemd[1]: Failed to find module 'autofs4'
-- Boot 976ae8d7f03c4605b97ed57c8e148ef0 --
ноя 21 22:57:21 acer-biz systemd[1]: Failed to find module 'autofs4'
-- Boot bc62f3ee903645cba3a097899ef5d258 --
ноя 21 22:57:21 acer-biz systemd[1]: Failed to find module 'autofs4'
-- Boot 1f15e342e1124e46951a6571cf968ced --
ноя 21 22:57:21 acer-biz systemd[1]: Failed to find module 'autofs4'
-- Boot d855580d8d8040ef859138411eb35a41 --
ноя 21 22:57:21 acer-biz systemd[1]: Failed to find module 'autofs4'
-- Boot d006096dbacf4587a09106c8aa760e1c --
ноя 21 22:57:21 acer-biz systemd[1]: Failed to find module 'autofs4'
-- Boot fae8f5028c6f476a8a7fd6008770a8e2 --
ноя 21 22:57:21 acer-biz systemd[1]: Failed to find module 'autofs4'
-- Boot 5a3791ed702947fabd9f66c31b8ea0f7 --
ноя 21 22:57:20 acer-biz systemd-modules-load[839]: Error running install command '/sbin/modprobe --ignore-install snd  && { /sbin/modprobe --quiet --use-blacklist snd-ioctl32 ; /sbin/modprobe --quiet --use-black>
ноя 21 22:57:20 acer-biz systemd-modules-load[839]: Failed to insert module 'snd_soc_tegra20_i2s': Invalid argument
-- Boot 976ae8d7f03c4605b97ed57c8e148ef0 --
ноя 21 22:57:22 acer-biz systemd-modules-load[856]: Error running install command '/sbin/modprobe --ignore-install snd  && { /sbin/modprobe --quiet --use-blacklist snd-ioctl32 ; /sbin/modprobe --quiet --use-black>
ноя 21 22:57:22 acer-biz systemd-modules-load[856]: Failed to insert module 'snd_soc_tegra20_i2s': Invalid argument
-- Boot bc62f3ee903645cba3a097899ef5d258 --
ноя 21 22:57:22 acer-biz systemd-modules-load[859]: Error running install command '/sbin/modprobe --ignore-install snd  && { /sbin/modprobe --quiet --use-blacklist snd-ioctl32 ; /sbin/modprobe --quiet --use-black>
ноя 21 22:57:22 acer-biz systemd-modules-load[859]: Failed to insert module 'snd_soc_tegra20_i2s': Invalid argument
-- Boot 1f15e342e1124e46951a6571cf968ced --
ноя 21 22:57:22 acer-biz systemd-modules-load[859]: Error running install command '/sbin/modprobe --ignore-install snd  && { /sbin/modprobe --quiet --use-blacklist snd-ioctl32 ; /sbin/modprobe --quiet --use-black>
-- Boot d855580d8d8040ef859138411eb35a41 --
ноя 21 22:57:22 acer-biz systemd-modules-load[858]: Error running install command '/sbin/modprobe --ignore-install snd  && { /sbin/modprobe --quiet --use-blacklist snd-ioctl32 ; /sbin/modprobe --quiet --use-black>
-- Boot 1f15e342e1124e46951a6571cf968ced --
ноя 21 22:57:22 acer-biz systemd-modules-load[859]: Failed to insert module 'snd_soc_tegra20_i2s': Invalid argument
-- Boot d855580d8d8040ef859138411eb35a41 --
ноя 21 22:57:22 acer-biz systemd-modules-load[858]: Failed to insert module 'snd_soc_tegra20_i2s': Invalid argument
-- Boot d006096dbacf4587a09106c8aa760e1c --
ноя 21 22:57:22 acer-biz systemd-modules-load[837]: Error running install command '/sbin/modprobe --ignore-install snd  && { /sbin/modprobe --quiet --use-blacklist snd-ioctl32 ; /sbin/modprobe --quiet --use-black>
ноя 21 22:57:22 acer-biz systemd-modules-load[837]: Failed to insert module 'snd_soc_tegra20_i2s': Invalid argument
-- Boot fae8f5028c6f476a8a7fd6008770a8e2 --
ноя 21 22:57:22 acer-biz systemd-modules-load[837]: Error running install command '/sbin/modprobe --ignore-install snd  && { /sbin/modprobe --quiet --use-blacklist snd-ioctl32 ; /sbin/modprobe --quiet --use-black>
ноя 21 22:57:22 acer-biz systemd-modules-load[837]: Failed to insert module 'snd_soc_tegra20_i2s': Invalid argument
-- Boot bc62f3ee903645cba3a097899ef5d258 --
ноя 21 22:57:23 acer-biz systemd[1]: Failed to start Load Kernel Modules.
-- Boot 976ae8d7f03c4605b97ed57c8e148ef0 --
ноя 21 22:57:23 acer-biz systemd[1]: Failed to start Load Kernel Modules.
-- Boot d855580d8d8040ef859138411eb35a41 --
ноя 21 22:57:23 acer-biz systemd[1]: Failed to start Load Kernel Modules.
-- Boot fae8f5028c6f476a8a7fd6008770a8e2 --
ноя 21 22:57:23 acer-biz systemd[1]: Failed to start Load Kernel Modules.
-- Boot a2b89cbcf27447acb0bfca38aef7e26c --
ноя 21 22:57:24 acer-biz systemd-modules-load[839]: Error running install command '/sbin/modprobe --ignore-install snd  && { /sbin/modprobe --quiet --use-blacklist snd-ioctl32 ; /sbin/modprobe --quiet --use-black>
ноя 21 22:57:24 acer-biz systemd-modules-load[839]: Failed to insert module 'snd_soc_tegra20_i2s': Invalid argument
-- Boot d006096dbacf4587a09106c8aa760e1c --
ноя 21 22:57:23 acer-biz systemd[1]: Failed to start Load Kernel Modules.
-- Boot 1f15e342e1124e46951a6571cf968ced --
ноя 21 22:57:23 acer-biz systemd[1]: Failed to start Load Kernel Modules.
-- Boot 5a3791ed702947fabd9f66c31b8ea0f7 --
ноя 21 22:57:22 acer-biz systemd[1]: Failed to start Load Kernel Modules.
-- Boot a2b89cbcf27447acb0bfca38aef7e26c --
ноя 21 22:57:24 acer-biz systemd[1]: Failed to start Load Kernel Modules.
-- Boot d9932fdea3634d21a7cde3712a360b1f --
окт 23 23:00:06 acer-picasso kernel: hid-generic 0003:046D:C52B.0003: device has no listeners, quitting
окт 23 23:00:12 acer-picasso systemd[1]: snapd.socket: Socket service snapd.service not loaded, refusing.
окт 23 23:00:12 acer-picasso systemd[1]: Failed to listen on Socket activation for snappy daemon.
окт 23 23:00:14 acer-picasso bluetoothd[971]: src/adapter.c:reset_adv_monitors_complete() Failed to reset Adv Monitors: Failed (0x03)
окт 23 23:00:14 acer-picasso bluetoothd[971]: Failed to clear UUIDs: Failed (0x03)
окт 23 23:02:07 acer-picasso ubiquity[1144]: Unable to determine the release.
окт 23 23:15:26 acer-picasso plugininstall.py[3938]: log-output -t ubiquity chroot / python3.10 /usr/lib/python3.10/py_compile.py
окт 23 23:15:28 acer-picasso plugininstall.py[3938]: log-output -t ubiquity chroot / python3.10 /usr/lib/python3.10/py_compile.py
окт 23 23:28:46 acer-biz plugininstall.py[3938]: log-output -t ubiquity /usr/share/ubiquity/zsys-setup finalize
окт 23 23:29:11 acer-biz plugininstall.py[3938]: log-output -t ubiquity umount /cdrom
окт 23 23:41:48 acer-biz systemd[1]: snapd.socket: Socket service snapd.service not loaded, refusing.
окт 23 23:41:48 acer-biz systemd[1]: Failed to listen on Socket activation for snappy daemon.
окт 23 23:42:21 acer-biz bluetoothd[14265]: src/adapter.c:reset_adv_monitors_complete() Failed to reset Adv Monitors: Failed (0x03)
окт 23 23:42:21 acer-biz bluetoothd[14265]: Failed to clear UUIDs: Failed (0x03)
окт 23 23:42:21 acer-biz pulseaudio[14112]: Found duplicated D-Bus path for adapter /org/bluez/hci0
окт 23 23:46:58 acer-biz NetworkManager[969]: <error> [1729720018.5323] audit: failed to open auditd socket: Protocol not supported
окт 23 23:47:31 acer-biz pulseaudio[14112]: mmap() failed: Cannot allocate memory
окт 23 23:47:31 acer-biz pulseaudio[14112]: Failed to create permanent mapping for memfd region with ID = 2221030329
окт 23 23:49:53 acer-biz pulseaudio[14112]: mmap() failed: Cannot allocate memory
окт 23 23:49:53 acer-biz pulseaudio[14112]: Failed to create permanent mapping for memfd region with ID = 3689250480
окт 23 23:53:59 acer-biz pulseaudio[14112]: mmap() failed: Cannot allocate memory
окт 23 23:53:59 acer-biz pulseaudio[14112]: Failed to create permanent mapping for memfd region with ID = 2399038805
окт 23 23:53:59 acer-biz pulseaudio[14112]: Failed to register memfd mempool. Reason: could not attach memfd SHM ID to pipe
окт 23 23:53:59 acer-biz pulseaudio[14112]: mmap() failed: Cannot allocate memory
окт 23 23:53:59 acer-biz pulseaudio[14112]: mmap() failed: Cannot allocate memory
окт 23 23:53:59 acer-biz pulseaudio[14112]: Failed to create permanent mapping for memfd region with ID = 1200692077
окт 24 01:14:42 acer-biz pulseaudio[14112]: mmap() failed: Cannot allocate memory
окт 24 01:14:42 acer-biz pulseaudio[14112]: Failed to create permanent mapping for memfd region with ID = 3810295917
окт 24 02:44:34 acer-biz bluetoothd[5461]: src/adapter.c:reset_adv_monitors_complete() Failed to reset Adv Monitors: Failed (0x03)
окт 24 02:44:34 acer-biz bluetoothd[5461]: Failed to clear UUIDs: Failed (0x03)
окт 24 02:46:46 acer-biz systemd[1]: snapd.socket: Socket service snapd.service not loaded, refusing.
окт 24 02:46:46 acer-biz systemd[1]: Failed to listen on Socket activation for snappy daemon.
окт 24 02:46:53 acer-biz systemd[1]: snapd.socket: Socket service snapd.service not loaded, refusing.
окт 24 02:46:53 acer-biz systemd[1]: Failed to listen on Socket activation for snappy daemon.
окт 24 02:59:58 acer-biz systemd[1]: Failed to start Journal Service.
окт 24 02:55:10 acer-biz systemd[1]: systemd-journald.service: Watchdog timeout (limit 3min)!
окт 24 03:00:34 acer-biz systemd[1]: Failed to start Journal Service.
окт 24 03:16:15 acer-biz WebKitWebProces[6333]: WebProcess didn't exit as expected after the UI process connection was closed
окт 24 03:35:29 acer-biz pulseaudio[14112]: mmap() failed: Cannot allocate memory
окт 24 03:35:29 acer-biz pulseaudio[14112]: Failed to create permanent mapping for memfd region with ID = 4259879102
-- Boot d006096dbacf4587a09106c8aa760e1c --
окт 24 03:57:43 acer-biz kernel: hid-generic 0003:046D:C52B.0003: device has no listeners, quitting
окт 24 03:57:49 acer-biz systemd[1]: snapd.socket: Socket service snapd.service not loaded, refusing.
окт 24 03:57:49 acer-biz systemd[1]: Failed to listen on Socket activation for snappy daemon.
окт 24 03:57:51 acer-biz bluetoothd[1050]: src/adapter.c:reset_adv_monitors_complete() Failed to reset Adv Monitors: Failed (0x03)
окт 24 03:57:51 acer-biz bluetoothd[1050]: Failed to clear UUIDs: Failed (0x03)
окт 24 04:04:41 acer-biz pulseaudio[1274]: mmap() failed: Cannot allocate memory
окт 24 04:04:41 acer-biz pulseaudio[1274]: Failed to create permanent mapping for memfd region with ID = 3132901235
окт 24 04:11:37 acer-biz pulseaudio[1274]: mmap() failed: Cannot allocate memory
окт 24 04:11:37 acer-biz pulseaudio[1274]: Failed to create permanent mapping for memfd region with ID = 4117083671
окт 24 04:12:58 acer-biz pulseaudio[1274]: mmap() failed: Cannot allocate memory
окт 24 04:12:58 acer-biz pulseaudio[1274]: Failed to create permanent mapping for memfd region with ID = 267190710
окт 24 04:12:58 acer-biz pulseaudio[1274]: Failed to register memfd mempool. Reason: could not attach memfd SHM ID to pipe
окт 24 04:12:58 acer-biz pulseaudio[1274]: mmap() failed: Cannot allocate memory
окт 24 04:12:58 acer-biz pulseaudio[1274]: mmap() failed: Cannot allocate memory
окт 24 04:12:58 acer-biz pulseaudio[1274]: Failed to create permanent mapping for memfd region with ID = 692369222
окт 24 04:13:44 acer-biz pulseaudio[1274]: mmap() failed: Cannot allocate memory
окт 24 04:13:44 acer-biz pulseaudio[1274]: Failed to create permanent mapping for memfd region with ID = 935828374
окт 24 04:13:47 acer-biz pulseaudio[1274]: mmap() failed: Cannot allocate memory
окт 24 04:13:47 acer-biz pulseaudio[1274]: Failed to create permanent mapping for memfd region with ID = 267190710
окт 24 04:13:47 acer-biz pulseaudio[1274]: Failed to register memfd mempool. Reason: could not attach memfd SHM ID to pipe
окт 24 04:13:47 acer-biz pulseaudio[1274]: mmap() failed: Cannot allocate memory
окт 24 04:13:47 acer-biz pulseaudio[1274]: mmap() failed: Cannot allocate memory
окт 24 04:13:47 acer-biz pulseaudio[1274]: Failed to create permanent mapping for memfd region with ID = 1304090519
окт 24 04:14:03 acer-biz pulseaudio[1274]: mmap() failed: Cannot allocate memory
окт 24 04:14:03 acer-biz pulseaudio[1274]: Failed to create permanent mapping for memfd region with ID = 267190710
окт 24 04:14:03 acer-biz pulseaudio[1274]: Failed to register memfd mempool. Reason: could not attach memfd SHM ID to pipe
окт 24 04:14:03 acer-biz pulseaudio[1274]: mmap() failed: Cannot allocate memory
окт 24 04:14:03 acer-biz pulseaudio[1274]: mmap() failed: Cannot allocate memory
окт 24 04:14:03 acer-biz pulseaudio[1274]: Failed to create permanent mapping for memfd region with ID = 2345824547
окт 24 04:17:04 acer-biz pulseaudio[1274]: mmap() failed: Cannot allocate memory
окт 24 04:17:04 acer-biz pulseaudio[1274]: Failed to create permanent mapping for memfd region with ID = 4143042921
окт 24 04:25:32 acer-biz NetworkManager[1052]: <error> [1729736732.8204] audit: failed to open auditd socket: Protocol not supported
-- Boot a2b89cbcf27447acb0bfca38aef7e26c --
окт 24 06:03:34 acer-biz kernel: hid-generic 0003:046D:C52B.0003: device has no listeners, quitting
окт 24 06:03:37 acer-biz systemd[1]: snapd.socket: Socket service snapd.service not loaded, refusing.
окт 24 06:03:37 acer-biz systemd[1]: Failed to listen on Socket activation for snappy daemon.
окт 24 06:03:43 acer-biz bluetoothd[1060]: src/adapter.c:reset_adv_monitors_complete() Failed to reset Adv Monitors: Failed (0x03)
окт 24 06:03:43 acer-biz bluetoothd[1060]: Failed to clear UUIDs: Failed (0x03)
окт 24 06:03:53 acer-biz systemd[1]: Failed to start Process error reports when automatic reporting is enabled.
окт 24 07:03:07 acer-biz systemd[1]: Failed to start Process error reports when automatic reporting is enabled.
окт 24 07:22:59 acer-biz sshd[7906]: pam_systemd(sshd:session): Failed to release session: Interrupted system call
-- Boot fae8f5028c6f476a8a7fd6008770a8e2 --
окт 24 12:43:12 acer-biz kernel: hid-generic 0003:046D:C52B.0003: device has no listeners, quitting
окт 24 12:43:17 acer-biz systemd[1]: snapd.socket: Socket service snapd.service not loaded, refusing.
окт 24 12:43:17 acer-biz systemd[1]: Failed to listen on Socket activation for snappy daemon.
окт 24 12:43:19 acer-biz bluetoothd[1049]: src/adapter.c:reset_adv_monitors_complete() Failed to reset Adv Monitors: Failed (0x03)
окт 24 12:43:19 acer-biz bluetoothd[1049]: Failed to clear UUIDs: Failed (0x03)
окт 24 12:43:27 acer-biz systemd[1]: Failed to start Process error reports when automatic reporting is enabled.
-- Boot 5a3791ed702947fabd9f66c31b8ea0f7 --
окт 24 13:40:24 acer-biz kernel: hid-generic 0003:046D:C52B.0003: device has no listeners, quitting
окт 24 13:40:27 acer-biz systemd[1]: snapd.socket: Socket service snapd.service not loaded, refusing.
окт 24 13:40:27 acer-biz systemd[1]: Failed to listen on Socket activation for snappy daemon.
окт 24 13:40:30 acer-biz bluetoothd[1058]: src/adapter.c:reset_adv_monitors_complete() Failed to reset Adv Monitors: Failed (0x03)
окт 24 13:40:30 acer-biz bluetoothd[1058]: Failed to clear UUIDs: Failed (0x03)
окт 24 13:40:39 acer-biz systemd[1]: Failed to start Process error reports when automatic reporting is enabled.
окт 24 14:40:06 acer-biz systemd[1]: Failed to start Process error reports when automatic reporting is enabled.
-- Boot bc62f3ee903645cba3a097899ef5d258 --
окт 24 17:02:35 acer-biz kernel: hid-generic 0003:046D:C52B.0003: device has no listeners, quitting
окт 24 17:02:42 acer-biz systemd[1]: snapd.socket: Socket service snapd.service not loaded, refusing.
окт 24 17:02:42 acer-biz systemd[1]: Failed to listen on Socket activation for snappy daemon.
окт 24 17:02:45 acer-biz bluetoothd[1071]: src/adapter.c:reset_adv_monitors_complete() Failed to reset Adv Monitors: Failed (0x03)
окт 24 17:02:45 acer-biz bluetoothd[1071]: Failed to clear UUIDs: Failed (0x03)
окт 24 17:02:52 acer-biz systemd[1]: Failed to start Process error reports when automatic reporting is enabled.
окт 24 18:02:46 acer-biz systemd[1]: Failed to start Process error reports when automatic reporting is enabled.
окт 24 18:17:59 acer-biz sshd[2232]: pam_systemd(sshd:session): Failed to release session: Interrupted system call
-- Boot 976ae8d7f03c4605b97ed57c8e148ef0 --
окт 24 18:19:20 acer-biz kernel: hid-generic 0003:046D:C52B.0003: device has no listeners, quitting
окт 24 18:19:26 acer-biz systemd[1]: snapd.socket: Socket service snapd.service not loaded, refusing.
окт 24 18:19:26 acer-biz systemd[1]: Failed to listen on Socket activation for snappy daemon.
окт 24 18:19:28 acer-biz bluetoothd[1068]: src/adapter.c:reset_adv_monitors_complete() Failed to reset Adv Monitors: Failed (0x03)
окт 24 18:19:28 acer-biz bluetoothd[1068]: Failed to clear UUIDs: Failed (0x03)
окт 24 18:19:35 acer-biz systemd[1]: Failed to start Process error reports when automatic reporting is enabled.
-- Boot d855580d8d8040ef859138411eb35a41 --
окт 24 18:39:35 acer-biz kernel: hid-generic 0003:046D:C52B.0003: device has no listeners, quitting
окт 24 18:39:39 acer-biz systemd[1]: snapd.socket: Socket service snapd.service not loaded, refusing.
окт 24 18:39:39 acer-biz systemd[1]: Failed to listen on Socket activation for snappy daemon.
окт 24 18:39:41 acer-biz bluetoothd[1066]: src/adapter.c:reset_adv_monitors_complete() Failed to reset Adv Monitors: Failed (0x03)
окт 24 18:39:41 acer-biz bluetoothd[1066]: Failed to clear UUIDs: Failed (0x03)
окт 24 18:39:48 acer-biz systemd[1]: Failed to start Process error reports when automatic reporting is enabled.
окт 24 18:51:49 acer-biz sudo[1669]: pam_unix(sudo:auth): conversation failed
окт 24 18:51:49 acer-biz sudo[1669]: pam_unix(sudo:auth): auth could not identify password for [biz]
окт 24 18:51:49 acer-biz sudo[1669]:      biz : 1 incorrect password attempt ; TTY=pts/1 ; PWD=/home/biz ; USER=root ; COMMAND=/usr/sbin/reboot
-- Boot 1f15e342e1124e46951a6571cf968ced --
окт 24 18:56:48 acer-biz kernel: hid-generic 0003:046D:C52B.0003: device has no listeners, quitting
окт 24 18:56:52 acer-biz systemd[1]: snapd.socket: Socket service snapd.service not loaded, refusing.
окт 24 18:56:52 acer-biz systemd[1]: Failed to listen on Socket activation for snappy daemon.
окт 24 18:56:54 acer-biz bluetoothd[1069]: src/adapter.c:reset_adv_monitors_complete() Failed to reset Adv Monitors: Failed (0x03)
окт 24 18:56:54 acer-biz bluetoothd[1069]: Failed to clear UUIDs: Failed (0x03)
окт 24 18:56:59 acer-biz systemd[1]: Failed to start Process error reports when automatic reporting is enabled.
-- Boot 15360ccbcdf1468a999321d5cfb5666f --
ноя 21 22:57:19 acer-biz systemd[1]: Failed to find module 'autofs4'
окт 24 18:59:17 acer-biz kernel: hid-generic 0003:046D:C52B.0003: device has no listeners, quitting
ноя 21 22:57:20 acer-biz systemd-modules-load[855]: Error running install command '/sbin/modprobe --ignore-install snd  && { /sbin/modprobe --quiet --use-blacklist snd-ioctl32 ; /sbin/modprobe --quiet --use-black>
ноя 21 22:57:20 acer-biz systemd-modules-load[855]: Failed to insert module 'snd_soc_tegra20_i2s': Invalid argument
ноя 21 22:57:20 acer-biz systemd[1]: Failed to start Load Kernel Modules.
окт 24 18:59:18 acer-biz systemd[1]: snapd.socket: Socket service snapd.service not loaded, refusing.
окт 24 18:59:18 acer-biz systemd[1]: Failed to listen on Socket activation for snappy daemon.
окт 24 18:59:19 acer-biz bluetoothd[1075]: src/adapter.c:reset_adv_monitors_complete() Failed to reset Adv Monitors: Failed (0x03)
окт 24 18:59:19 acer-biz bluetoothd[1075]: Failed to clear UUIDs: Failed (0x03)
окт 24 18:59:23 acer-biz systemd[1]: Failed to start Process error reports when automatic reporting is enabled.


full log


ноя 21 22:57:19 acer-biz kernel: Booting Linux on physical CPU 0x0
ноя 21 22:57:19 acer-biz kernel: Linux version 6.6.7-postmarketos-grate (pmos@build) (armv7-alpine-linux-musleabihf-gcc (Alpine 1>
ноя 21 22:57:19 acer-biz kernel: CPU: ARMv7 Processor [411fc090] revision 0 (ARMv7), cr=10c5387d
ноя 21 22:57:19 acer-biz kernel: CPU: PIPT / VIPT nonaliasing data cache, VIPT aliasing instruction cache
ноя 21 22:57:19 acer-biz kernel: OF: fdt: Machine model: Acer Iconia Tab A500
ноя 21 22:57:19 acer-biz kernel: Memory policy: Data cache writealloc
ноя 21 22:57:19 acer-biz kernel: efi: UEFI not found.
ноя 21 22:57:19 acer-biz kernel: Reserved memory: created CMA memory pool at 0x30000000, size 256 MiB
ноя 21 22:57:19 acer-biz kernel: OF: reserved mem: initialized node linux,cma@30000000, compatible id shared-dma-pool
ноя 21 22:57:19 acer-biz kernel: OF: reserved mem: 0x30000000..0x3fffffff (262144 KiB) map reusable linux,cma@30000000
ноя 21 22:57:19 acer-biz kernel: OF: reserved mem: 0x2ffe0000..0x2ffeffff (64 KiB) map non-reusable ramoops@2ffe0000
ноя 21 22:57:19 acer-biz kernel: Zone ranges:
ноя 21 22:57:19 acer-biz kernel:   Normal   [mem 0x0000000000000000-0x000000002fffffff]
ноя 21 22:57:19 acer-biz kernel:   HighMem  [mem 0x0000000030000000-0x000000003fffffff]
ноя 21 22:57:19 acer-biz kernel: Movable zone start for each node
ноя 21 22:57:19 acer-biz kernel: Early memory node ranges
ноя 21 22:57:19 acer-biz kernel:   node   0: [mem 0x0000000000000000-0x000000003fffffff]
ноя 21 22:57:19 acer-biz kernel: Initmem setup node 0 [mem 0x0000000000000000-0x000000003fffffff]
ноя 21 22:57:19 acer-biz kernel: tegra_boot_config_table_init: BCT found in IRAM
ноя 21 22:57:19 acer-biz kernel: tegra-partition: initialized to logical sector = 768 sectors_num = 128
ноя 21 22:57:19 acer-biz kernel: percpu: Embedded 13 pages/cpu s23252 r8192 d21804 u53248
ноя 21 22:57:19 acer-biz kernel: pcpu-alloc: s23252 r8192 d21804 u53248 alloc=13*4096
ноя 21 22:57:19 acer-biz kernel: pcpu-alloc: [0] 0 [0] 1 
ноя 21 22:57:19 acer-biz kernel: Kernel command line:    pmos_boot_uuid=db97c805-cd53-4d44-8173-55a864021094 pmos_root_uuid=54299>
ноя 21 22:57:19 acer-biz kernel: Unknown kernel command line parameters "pmos_boot_uuid=db97c805-cd53-4d44-8173-55a864021094 pmos>
ноя 21 22:57:19 acer-biz kernel: Dentry cache hash table entries: 131072 (order: 7, 524288 bytes, linear)
ноя 21 22:57:19 acer-biz kernel: Inode-cache hash table entries: 65536 (order: 6, 262144 bytes, linear)
ноя 21 22:57:19 acer-biz kernel: Built 1 zonelists, mobility grouping on.  Total pages: 260416
ноя 21 22:57:19 acer-biz kernel: mem auto-init: stack:all(zero), heap alloc:off, heap free:off
ноя 21 22:57:19 acer-biz kernel: Memory: 759312K/1048576K available (8192K kernel code, 703K rwdata, 2148K rodata, 1024K init, 28>
ноя 21 22:57:19 acer-biz kernel: SLUB: HWalign=64, Order=0-3, MinObjects=0, CPUs=2, Nodes=1
ноя 21 22:57:19 acer-biz kernel: rcu: Hierarchical RCU implementation.
ноя 21 22:57:19 acer-biz kernel: rcu:         RCU restricting CPUs from NR_CPUS=4 to nr_cpu_ids=2.
ноя 21 22:57:19 acer-biz kernel:         Tracing variant of Tasks RCU enabled.
ноя 21 22:57:19 acer-biz kernel: rcu: RCU calculated value of scheduler-enlistment delay is 10 jiffies.
ноя 21 22:57:19 acer-biz kernel: rcu: Adjusting geometry for rcu_fanout_leaf=16, nr_cpu_ids=2
ноя 21 22:57:19 acer-biz kernel: NR_IRQS: 16, nr_irqs: 16, preallocated irqs: 16
ноя 21 22:57:19 acer-biz kernel: /interrupt-controller@60004000: 128 interrupts forwarded to /interrupt-controller@50041000
ноя 21 22:57:19 acer-biz kernel: L2C: platform modifies aux control register: 0x2e080000 -> 0x3e480000
ноя 21 22:57:19 acer-biz kernel: L2C: DT/platform modifies aux control register: 0x2e080000 -> 0x3e480000
ноя 21 22:57:19 acer-biz kernel: L2C-310 errata 727915 769419 enabled
ноя 21 22:57:19 acer-biz kernel: L2C-310 enabling early BRESP for Cortex-A9
ноя 21 22:57:19 acer-biz kernel: L2C-310 full line of zeros enabled for Cortex-A9
ноя 21 22:57:19 acer-biz kernel: L2C-310 ID prefetch enabled, offset 1 lines
ноя 21 22:57:19 acer-biz kernel: L2C-310 cache controller enabled, 8 ways, 1024 kB
ноя 21 22:57:19 acer-biz kernel: L2C-310: CACHE_ID 0x410000c4, AUX_CTRL 0x7e480001
ноя 21 22:57:19 acer-biz kernel: rcu: srcu_init: Setting srcu_struct sizes based on contention.
ноя 21 22:57:19 acer-biz kernel: sched_clock: 32 bits at 1000kHz, resolution 1000ns, wraps every 2147483647500ns
ноя 21 22:57:19 acer-biz kernel: clocksource: timer_us: mask: 0xffffffff max_cycles: 0xffffffff, max_idle_ns: 1911260446275 ns
ноя 21 22:57:19 acer-biz kernel: Switching to timer-based delay loop, resolution 1000ns
ноя 21 22:57:19 acer-biz kernel: clocksource: tegra_suspend_timer: mask: 0xffffffff max_cycles: 0xffffffff, max_idle_ns: 19112604>
ноя 21 22:57:19 acer-biz kernel: Console: colour dummy device 80x30
ноя 21 22:57:19 acer-biz kernel: printk: console [tty0] enabled
ноя 21 22:57:19 acer-biz kernel: Calibrating delay loop (skipped), value calculated using timer frequency.. 2.00 BogoMIPS (lpj=10>
ноя 21 22:57:19 acer-biz kernel: CPU: Testing write buffer coherency: ok
ноя 21 22:57:19 acer-biz kernel: Spectre V2: workarounds disabled by configuration
ноя 21 22:57:19 acer-biz kernel: pid_max: default: 32768 minimum: 301
ноя 21 22:57:19 acer-biz kernel: Mount-cache hash table entries: 2048 (order: 1, 8192 bytes, linear)
ноя 21 22:57:19 acer-biz kernel: Mountpoint-cache hash table entries: 2048 (order: 1, 8192 bytes, linear)
ноя 21 22:57:19 acer-biz kernel: CPU0: thread -1, cpu 0, socket 0, mpidr 80000000
ноя 21 22:57:19 acer-biz kernel: RCU Tasks Trace: Setting shift to 1 and lim to 1 rcu_task_cb_adjust=1.
ноя 21 22:57:19 acer-biz kernel: Setting up static identity map for 0x100000 - 0x1000ac
ноя 21 22:57:19 acer-biz kernel: rcu: Hierarchical SRCU implementation.
ноя 21 22:57:19 acer-biz kernel: rcu:         Max phase no-delay instances is 1000.
оя 21 22:57:19 acer-biz kernel: Tegra Revision: A03 prime SKU: 8 CPU Process: 1 SoC Process: 2
ноя 21 22:57:19 acer-biz kernel: Tegra CPU Speedo ID 0, SoC Speedo ID 1
ноя 21 22:57:19 acer-biz kernel: EFI services will not be available.
ноя 21 22:57:19 acer-biz kernel: smp: Bringing up secondary CPUs ...
ноя 21 22:57:19 acer-biz kernel: CPU1: thread -1, cpu 1, socket 0, mpidr 80000001
ноя 21 22:57:19 acer-biz kernel: smp: Brought up 1 node, 2 CPUs
ноя 21 22:57:19 acer-biz kernel: SMP: Total of 2 processors activated (4.00 BogoMIPS).
ноя 21 22:57:19 acer-biz kernel: CPU: All CPU(s) started in SVC mode.
ноя 21 22:57:19 acer-biz kernel: devtmpfs: initialized
ноя 21 22:57:19 acer-biz kernel: VFP support v0.3: implementor 41 architecture 3 part 30 variant 9 rev 1
ноя 21 22:57:19 acer-biz kernel: clocksource: jiffies: mask: 0xffffffff max_cycles: 0xffffffff, max_idle_ns: 19112604462750000 ns
ноя 21 22:57:19 acer-biz kernel: futex hash table entries: 512 (order: 3, 32768 bytes, linear)
ноя 21 22:57:19 acer-biz kernel: pinctrl core: initialized pinctrl subsystem
ноя 21 22:57:19 acer-biz kernel: DMI not present or invalid.
ноя 21 22:57:19 acer-biz kernel: NET: Registered PF_NETLINK/PF_ROUTE protocol family
ноя 21 22:57:19 acer-biz kernel: DMA: preallocated 256 KiB pool for atomic coherent allocations
ноя 21 22:57:19 acer-biz kernel: thermal_sys: Registered thermal governor 'step_wise'
ноя 21 22:57:19 acer-biz kernel: cpuidle: using governor menu
ноя 21 22:57:19 acer-biz kernel: platform 70000014.pinmux: Fixed dependency cycle(s) with /pinmux@70000014/pinmux
ноя 21 22:57:19 acer-biz kernel: platform lvds-encoder: Fixed dependency cycle(s) with /display-panel/port/endpoint
ноя 21 22:57:19 acer-biz kernel: No ATAGs?
ноя 21 22:57:19 acer-biz kernel: hw-breakpoint: found 5 (+1 reserved) breakpoint and 1 watchpoint registers.
ноя 21 22:57:19 acer-biz kernel: hw-breakpoint: maximum watchpoint size is 4 bytes.
ноя 21 22:57:19 acer-biz kernel: iommu: Default domain type: Translated
ноя 21 22:57:19 acer-biz kernel: iommu: DMA domain TLB invalidation policy: strict mode
ноя 21 22:57:19 acer-biz kernel: SCSI subsystem initialized
ноя 21 22:57:19 acer-biz kernel: usbcore: registered new interface driver usbfs
ноя 21 22:57:19 acer-biz kernel: usbcore: registered new interface driver hub
ноя 21 22:57:19 acer-biz kernel: usbcore: registered new device driver usb
ноя 21 22:57:19 acer-biz kernel: pps_core: LinuxPPS API ver. 1 registered
ноя 21 22:57:19 acer-biz kernel: pps_core: Software ver. 5.3.6 - Copyright 2005-2007 Rodolfo Giometti <giometti@linux.it>
ноя 21 22:57:19 acer-biz kernel: PTP clock support registered
ноя 21 22:57:19 acer-biz kernel: clocksource: Switched to clocksource timer_us
ноя 21 22:57:19 acer-biz kernel: NET: Registered PF_INET protocol family
ноя 21 22:57:19 acer-biz kernel: IP idents hash table entries: 16384 (order: 5, 131072 bytes, linear)
ноя 21 22:57:19 acer-biz kernel: tcp_listen_portaddr_hash hash table entries: 512 (order: 0, 4096 bytes, linear)
ноя 21 22:57:19 acer-biz kernel: Table-perturb hash table entries: 65536 (order: 6, 262144 bytes, linear)
ноя 21 22:57:19 acer-biz kernel: TCP established hash table entries: 8192 (order: 3, 32768 bytes, linear)
ноя 21 22:57:19 acer-biz kernel: TCP bind hash table entries: 8192 (order: 5, 131072 bytes, linear)
ноя 21 22:57:19 acer-biz kernel: TCP: Hash tables configured (established 8192 bind 8192)
ноя 21 22:57:19 acer-biz kernel: UDP hash table entries: 512 (order: 2, 16384 bytes, linear)
ноя 21 22:57:19 acer-biz kernel: UDP-Lite hash table entries: 512 (order: 2, 16384 bytes, linear)
ноя 21 22:57:19 acer-biz kernel: NET: Registered PF_UNIX/PF_LOCAL protocol family
ноя 21 22:57:19 acer-biz kernel: Unpacking initramfs...
ноя 21 22:57:19 acer-biz kernel: hw perfevents: enabled with armv7_cortex_a9 PMU driver, 7 counters available
ноя 21 22:57:19 acer-biz kernel: Initialise system trusted keyrings
ноя 21 22:57:19 acer-biz kernel: workingset: timestamp_bits=14 max_order=18 bucket_order=4
ноя 21 22:57:19 acer-biz kernel: Key type asymmetric registered
ноя 21 22:57:19 acer-biz kernel: Asymmetric key parser 'x509' registered
ноя 21 22:57:19 acer-biz kernel: Asymmetric key parser 'pkcs8' registered
ноя 21 22:57:19 acer-biz kernel: bounce: pool size: 64 pages
ноя 21 22:57:19 acer-biz kernel: io scheduler kyber registered
ноя 21 22:57:19 acer-biz kernel: io scheduler bfq registered
ноя 21 22:57:19 acer-biz kernel: gpio gpiochip0: Static allocation of GPIO base is deprecated, use dynamic allocation.
ноя 21 22:57:19 acer-biz kernel: tegra-apbdma 6000a000.dma: Tegra20 APB DMA driver registered 16 channels
ноя 21 22:57:19 acer-biz kernel: Serial: 8250/16550 driver, 4 ports, IRQ sharing disabled
ноя 21 22:57:19 acer-biz kernel: 70006200.serial: ttyTHS1 at MMIO 0x70006200 (irq = 53, base_baud = 0) is a TEGRA_UART
ноя 21 22:57:19 acer-biz kernel: serial serial0: tty port ttyTHS1 registered
ноя 21 22:57:19 acer-biz kernel: usbcore: registered new interface driver cdc_ether
ноя 21 22:57:19 acer-biz kernel: usbcore: registered new interface driver cdc_ncm
ноя 21 22:57:19 acer-biz kernel: tegra-phy c5000000.usb-phy: supply vbus not found, using dummy regulator
ноя 21 22:57:19 acer-biz kernel: usbcore: registered new interface driver cdc_acm
ноя 21 22:57:19 acer-biz kernel: cdc_acm: USB Abstract Control Model driver for USB modems and ISDN adapters
ноя 21 22:57:19 acer-biz kernel: usbcore: registered new interface driver cdc_wdm
ноя 21 22:57:19 acer-biz kernel: usbcore: registered new interface driver usb-storage
ноя 21 22:57:19 acer-biz kernel: input: gpio-vibrator as /devices/soc0/haptic-feedback/input/input0
ноя 21 22:57:19 acer-biz kernel: tegra_rtc 7000e000.rtc: registered as rtc1
ноя 21 22:57:19 acer-biz kernel: tegra_rtc 7000e000.rtc: Tegra internal Real Time Clock
ноя 21 22:57:19 acer-biz kernel: i2c_dev: i2c /dev entries driver
ноя 21 22:57:19 acer-biz kernel: i2c 2-0034: Fixed dependency cycle(s) with /i2c@7000d000/pmic@34/regulators/sm2
ноя 21 22:57:19 acer-biz kernel: i2c 2-0034: Fixed dependency cycle(s) with /i2c@7000d000/pmic@34/regulators/sys
ноя 21 22:57:19 acer-biz kernel: tps6586x 2-0034: Found TPS658621C/D, VERSIONCRC is 2c
ноя 21 22:57:19 acer-biz kernel: i2c i2c-1: Added multiplexed i2c bus 3
ноя 21 22:57:19 acer-biz kernel: i2c i2c-1: Added multiplexed i2c bus 4
ноя 21 22:57:19 acer-biz kernel: sdhci: Secure Digital Host Controller Interface driver
ноя 21 22:57:19 acer-biz kernel: sdhci: Copyright(c) Pierre Ossman
ноя 21 22:57:19 acer-biz kernel: sdhci-pltfm: SDHCI platform and OF driver helper
ноя 21 22:57:19 acer-biz kernel: NET: Registered PF_PACKET protocol family
ноя 21 22:57:19 acer-biz kernel: NET: Registered PF_KEY protocol family
ноя 21 22:57:19 acer-biz kernel: Registering SWP/SWPB emulation handler
ноя 21 22:57:19 acer-biz kernel: Loading compiled-in X.509 certificates
ноя 21 22:57:19 acer-biz kernel: tegra-phy c5000000.usb-phy: supply vbus not found, using dummy regulator
ноя 21 22:57:19 acer-biz kernel: tegra voltage-coupler: core voltage initialized to 1200000uV
ноя 21 22:57:19 acer-biz kernel: platform 54200000.dc: Fixed dependency cycle(s) with /lvds-encoder/ports/port@0/endpoint
ноя 21 22:57:19 acer-biz kernel: tegra-phy c5000000.usb-phy: supply vbus not found, using dummy regulator
ноя 21 22:57:19 acer-biz kernel: Freeing initrd memory: 3388K
ноя 21 22:57:19 acer-biz kernel: tegra-phy c5000000.usb-phy: debug: USB_PHY_VBUS_SENSORS 0x44040400
ноя 21 22:57:19 acer-biz kernel: tegra-phy c5000000.usb-phy: debug: USB_PHY_VBUS_WAKEUP_ID 0x40000545
ноя 21 22:57:19 acer-biz kernel: tegra-phy c5000000.usb-phy: debug: suspend ok
ноя 21 22:57:19 acer-biz kernel: ci_hdrc ci_hdrc.1: EHCI Host Controller
ноя 21 22:57:19 acer-biz kernel: ci_hdrc ci_hdrc.1: new USB bus registered, assigned bus number 1
ноя 21 22:57:19 acer-biz kernel: ci_hdrc ci_hdrc.1: USB 2.0 started, EHCI 1.00
ноя 21 22:57:19 acer-biz kernel: hub 1-0:1.0: USB hub found
ноя 21 22:57:19 acer-biz kernel: hub 1-0:1.0: 1 port detected
ноя 21 22:57:19 acer-biz kernel: tegra20-emc 7000f400.memory-controller: 32bit DRAM bus, 2 LPDDR2 devices attached
ноя 21 22:57:19 acer-biz kernel: tegra20-emc 7000f400.memory-controller: SDRAM[dev1]: manufacturer: 0x3 (Elpida) rev1: 0x1 rev2: >
ноя 21 22:57:19 acer-biz kernel: tegra20-emc 7000f400.memory-controller: SDRAM[dev0]: manufacturer: 0x3 (Elpida) rev1: 0x1 rev2: >
ноя 21 22:57:19 acer-biz kernel: tegra20-emc 7000f400.memory-controller: got 5 timings for RAM code 0 (min 50MHz max 600MHz)
ноя 21 22:57:19 acer-biz kernel: sdhci-tegra c8000000.mmc: allocated mmc-pwrseq
ноя 21 22:57:19 acer-biz kernel: sdhci-tegra c8000400.mmc: Got CD GPIO
ноя 21 22:57:19 acer-biz kernel: mmc1: Invalid maximum block size, assuming 512 bytes
ноя 21 22:57:19 acer-biz kernel: mmc0: Invalid maximum block size, assuming 512 bytes
ноя 21 22:57:19 acer-biz kernel: mmc2: Invalid maximum block size, assuming 512 bytes
ноя 21 22:57:19 acer-biz kernel: input: gpio-keys as /devices/soc0/gpio-keys/input/input1
ноя 21 22:57:19 acer-biz kernel: clk: Disabling unused clocks
ноя 21 22:57:19 acer-biz kernel: mmc1: SDHCI controller on c8000400.mmc [c8000400.mmc] using ADMA
ноя 21 22:57:19 acer-biz kernel: mmc0: SDHCI controller on c8000600.mmc [c8000600.mmc] using ADMA
ноя 21 22:57:19 acer-biz kernel: mmc0: new high speed MMC card at address 0001
ноя 21 22:57:19 acer-biz kernel: mmcblk0: mmc0:0001 SEM32G 29.7 GiB
ноя 21 22:57:19 acer-biz kernel:  mmcblk0: p1 p2 p3
ноя 21 22:57:19 acer-biz kernel: mmcblk0boot0: mmc0:0001 SEM32G 1.00 MiB
ноя 21 22:57:19 acer-biz kernel: mmcblk0boot1: mmc0:0001 SEM32G 1.00 MiB
ноя 21 22:57:19 acer-biz kernel: usb 1-1: new full-speed USB device number 2 using ci_hdrc
ноя 21 22:57:19 acer-biz kernel: mmc2: SDHCI controller on c8000000.mmc [c8000000.mmc] using ADMA
ноя 21 22:57:19 acer-biz kernel: Freeing unused kernel image (initmem) memory: 1024K
ноя 21 22:57:19 acer-biz kernel: Run /init as init process
ноя 21 22:57:19 acer-biz kernel:   with arguments:
ноя 21 22:57:19 acer-biz kernel:     /init
ноя 21 22:57:19 acer-biz kernel:   with environment:
ноя 21 22:57:19 acer-biz kernel:     HOME=/
ноя 21 22:57:19 acer-biz kernel:     TERM=linux
ноя 21 22:57:19 acer-biz kernel:     pmos_boot_uuid=db97c805-cd53-4d44-8173-55a864021094
ноя 21 22:57:19 acer-biz kernel:     pmos_root_uuid=5429900e-e8c9-43b9-8750-38fc782c8065
ноя 21 22:57:19 acer-biz kernel: mmc2: queuing unknown CIS tuple 0x02 [ff] (1 bytes)
ноя 21 22:57:19 acer-biz kernel: mmc2: new SDIO card at address 0001
ноя 21 22:57:19 acer-biz kernel: atmel_mxt_ts 0-004c: Family: 160 Variant: 0 Firmware V1.0.AA Objects: 18
ноя 21 22:57:19 acer-biz kernel: atmel_mxt_ts 0-004c: Direct firmware load for maxtouch.cfg failed with error -2
ноя 21 22:57:19 acer-biz kernel: atmel_mxt_ts 0-004c: Touchscreen size X1279Y799
"ноя 21 22:57:19 acer-biz kernel: input: Atmel maXTouch Touchscreen as /devices/soc0/7000c000.i2c/i2c-0/0-004c/input/input2
ноя 21 22:57:19 acer-biz kernel: tegra-dc 54240000.dc: deferred probe timeout, ignoring dependency
ноя 21 22:57:19 acer-biz kernel: tegra-gr2d 54140000.gr2d: deferred probe timeout, ignoring dependency
ноя 21 22:57:19 acer-biz kernel: tegra-gr3d 54180000.gr3d: deferred probe timeout, ignoring dependency
ноя 21 22:57:19 acer-biz kernel: tegra-dc 54200000.dc: deferred probe timeout, ignoring dependency
ноя 21 22:57:19 acer-biz kernel: tegra-dc 54240000.dc: deferred probe timeout, ignoring dependency
ноя 21 22:57:19 acer-biz kernel: [drm] Initialized tegra 99997.0.0 20120330 for drm on minor 0
ноя 21 22:57:19 acer-biz kernel: Console: switching to colour frame buffer device 160x50
ноя 21 22:57:19 acer-biz kernel: drm drm: [drm] fb0: tegradrmfb frame buffer device
ноя 21 22:57:19 acer-biz kernel: tegra-mc 7000f000.memory-controller: sync_state() pending due to 6001a000.vde
ноя 21 22:57:19 acer-biz kernel: tegra-pmc 7000e400.pmc: sync_state() pending due to 6001a000.vde
ноя 21 22:57:19 acer-biz kernel: configfs-gadget.g1 gadget.0: HOST MAC 5e:ac:7b:13:6b:a8
ноя 21 22:57:19 acer-biz kernel: configfs-gadget.g1 gadget.0: MAC 16:00:61:1a:df:46
ноя 21 22:57:19 acer-biz kernel: EXT4-fs (mmcblk0p1): mounting ext2 file system using the ext4 subsystem
ноя 21 22:57:19 acer-biz kernel: EXT4-fs (mmcblk0p1): mounted filesystem a43e7d2a-7820-4f31-beda-efb7b2c5f166 ro without journal.>
ноя 21 22:57:19 acer-biz kernel: EXT4-fs (mmcblk0p2): mounted filesystem ddc312c6-1dda-4b94-9a7e-49aaf269364a ro with ordered dat>
ноя 21 22:57:19 acer-biz kernel: EXT4-fs (mmcblk0p1): unmounting filesystem a43e7d2a-7820-4f31-beda-efb7b2c5f166.
ноя 21 22:57:19 acer-biz kernel: EXT4-fs (mmcblk0p1): mounting ext2 file system using the ext4 subsystem
ноя 21 22:57:19 acer-biz kernel: EXT4-fs (mmcblk0p1): warning: mounting unchecked fs, running e2fsck is recommended
ноя 21 22:57:19 acer-biz kernel: EXT4-fs (mmcblk0p1): mounted filesystem a43e7d2a-7820-4f31-beda-efb7b2c5f166 r/w without journal>
ноя 21 22:57:19 acer-biz systemd[1]: System time before build time, advancing clock.
ноя 21 22:57:19 acer-biz systemd[1]: Failed to find module 'autofs4'
ноя 21 22:57:19 acer-biz kernel: NET: Registered PF_INET6 protocol family
ноя 21 22:57:19 acer-biz kernel: Segment Routing with IPv6
ноя 21 22:57:19 acer-biz kernel: In-situ OAM (IOAM) with IPv6
ноя 21 22:57:19 acer-biz systemd[1]: systemd 249.11-0ubuntu3.12 running in system mode (+PAM +AUDIT +SELINUX +APPARMOR +IMA +SMAC>
ноя 21 22:57:19 acer-biz systemd[1]: Detected architecture arm.
ноя 21 22:57:19 acer-biz systemd[1]: Hostname set to <acer-biz>.
ноя 21 22:57:19 acer-biz kernel: systemd[1]: memfd_create() called without MFD_EXEC or MFD_NOEXEC_SEAL set
ноя 21 22:57:19 acer-biz systemd[1]: Configuration file /run/systemd/system/netplan-ovs-cleanup.service is marked world-inaccessi>
ноя 21 22:57:19 acer-biz kernel: random: systemd: uninitialized urandom read (16 bytes read)
ноя 21 22:57:19 acer-biz kernel: random: systemd: uninitialized urandom read (16 bytes read)"
ноя 21 22:57:19 acer-biz systemd[1]: Queued start job for default target Graphical Interface.
ноя 21 22:57:19 acer-biz systemd[1]: Unnecessary job was removed for /dev/mmcblk0p1.
ноя 21 22:57:19 acer-biz kernel: random: systemd: uninitialized urandom read (16 bytes read)
ноя 21 22:57:19 acer-biz systemd[1]: Created slice Slice /system/modprobe.
ноя 21 22:57:19 acer-biz systemd[1]: Created slice Slice /system/systemd-fsck.
ноя 21 22:57:19 acer-biz systemd[1]: Created slice Slice /system/systemd-growfs.
ноя 21 22:57:19 acer-biz systemd[1]: Created slice User and Session Slice.
ноя 21 22:57:19 acer-biz systemd[1]: Started Dispatch Password Requests to Console Directory Watch.
ноя 21 22:57:19 acer-biz systemd[1]: Started Forward Password Requests to Wall Directory Watch.
ноя 21 22:57:19 acer-biz systemd[1]: Condition check resulted in Arbitrary Executable File Formats File System Automount Point be>
ноя 21 22:57:19 acer-biz systemd[1]: Reached target Local Encrypted Volumes.
ноя 21 22:57:19 acer-biz systemd[1]: Reached target Remote File Systems.
ноя 21 22:57:19 acer-biz systemd[1]: Reached target Slice Units.
ноя 21 22:57:19 acer-biz systemd[1]: Reached target Mounting snaps.
ноя 21 22:57:19 acer-biz systemd[1]: Reached target Mounted snaps.
ноя 21 22:57:19 acer-biz systemd[1]: Reached target Local Verity Protected Volumes.
ноя 21 22:57:19 acer-biz systemd[1]: Listening on Syslog Socket.
ноя 21 22:57:19 acer-biz systemd[1]: Listening on fsck to fsckd communication Socket.
ноя 21 22:57:19 acer-biz systemd[1]: Listening on initctl Compatibility Named Pipe.
ноя 21 22:57:19 acer-biz systemd[1]: Condition check resulted in Journal Audit Socket being skipped.
ноя 21 22:57:19 acer-biz systemd[1]: Listening on Journal Socket (/dev/log).
ноя 21 22:57:19 acer-biz systemd[1]: Listening on Journal Socket.
ноя 21 22:57:19 acer-biz systemd[1]: Listening on udev Control Socket.
ноя 21 22:57:19 acer-biz systemd[1]: Listening on udev Kernel Socket.
ноя 21 22:57:19 acer-biz systemd[1]: Condition check resulted in Huge Pages File System being skipped.
ноя 21 22:57:19 acer-biz systemd[1]: Mounting POSIX Message Queue File System...
ноя 21 22:57:19 acer-biz systemd[1]: Mounting Kernel Debug File System...
ноя 21 22:57:19 acer-biz systemd[1]: Condition check resulted in Kernel Trace File System being skipped.
ноя 21 22:57:19 acer-biz systemd[1]: Starting Journal Service...
ноя 21 22:57:19 acer-biz systemd[1]: Starting Set the console keyboard layout...
ноя 21 22:57:19 acer-biz systemd[1]: Condition check resulted in Create List of Static Device Nodes being skipped.
ноя 21 22:57:19 acer-biz systemd[1]: Starting Load Kernel Module configfs...
ноя 21 22:57:19 acer-biz systemd[1]: Starting Load Kernel Module drm...
ноя 21 22:57:19 acer-biz systemd[1]: Starting Load Kernel Module efi_pstore...
ноя 21 22:57:19 acer-biz systemd[1]: Starting Load Kernel Module fuse...
ноя 21 22:57:19 acer-biz systemd[1]: Starting File System Check on Root Device...
ноя 21 22:57:19 acer-biz kernel: fuse: init (API version 7.39)
ноя 21 22:57:19 acer-biz systemd[1]: Starting Load Kernel Modules...
ноя 21 22:57:19 acer-biz systemd-journald[839]: Journal started
ноя 21 22:57:19 acer-biz systemd-journald[839]: Runtime Journal (/run/log/journal/1829c45d58746565175f19f56585f475) is 6.2M, max >
окт 24 18:59:13 acer-biz systemd[1]: Starting Coldplug All udev Devices...
окт 24 18:59:13 acer-biz systemd[1]: Started Journal Service.
окт 24 18:59:13 acer-biz kernel: wm8903 0-001a: WM8903 revision C
окт 24 18:59:13 acer-biz kernel: random: systemd: uninitialized urandom read (16 bytes read)
окт 24 18:59:13 acer-biz kernel: random: systemd: uninitialized urandom read (16 bytes read)
окт 24 18:59:13 acer-biz kernel: random: systemd: uninitialized urandom read (16 bytes read)
окт 24 18:59:13 acer-biz kernel: EXT4-fs (mmcblk0p2): re-mounted ddc312c6-1dda-4b94-9a7e-49aaf269364a r/w. Quota mode: disabled.
окт 24 18:59:13 acer-biz kernel: EXT4-fs (mmcblk0p2): resizing filesystem from 7278208 to 7278208 blocks
окт 24 18:59:13 acer-biz kernel: Adding 1048572k swap on /swapfile.  Priority:-2 extents:10 across:7208960k SS
окт 24 18:59:13 acer-biz kernel: random: systemd: uninitialized urandom read (16 bytes read)
окт 24 18:59:13 acer-biz kernel: random: systemd: uninitialized urandom read (16 bytes read)
окт 24 18:59:13 acer-biz kernel: random: systemd: uninitialized urandom read (16 bytes read)
окт 24 18:59:13 acer-biz kernel: tegra20-cpufreq tegra20-cpufreq: hardware version 0x2 0x2
окт 24 18:59:13 acer-biz kernel: random: systemd: uninitialized urandom read (16 bytes read)
окт 24 18:59:13 acer-biz kernel: mc: Linux media interface: v0.10
окт 24 18:59:13 acer-biz kernel: videodev: Linux video capture interface: v2.00
окт 24 18:59:13 acer-biz kernel: Bluetooth: Core ver 2.22
окт 24 18:59:13 acer-biz kernel: NET: Registered PF_BLUETOOTH protocol family
окт 24 18:59:13 acer-biz kernel: Bluetooth: HCI device and connection manager initialized
окт 24 18:59:13 acer-biz kernel: Bluetooth: HCI socket layer initialized
окт 24 18:59:13 acer-biz kernel: Bluetooth: L2CAP socket layer initialized
окт 24 18:59:13 acer-biz kernel: Bluetooth: SCO socket layer initialized
окт 24 18:59:13 acer-biz kernel: tegra-vde 6001a000.vde: v4l2 device registered as /dev/video0
окт 24 18:59:13 acer-biz kernel: tegra voltage-coupler: voltage state synced
окт 24 18:59:13 acer-biz kernel: Bluetooth: HCI UART driver ver 2.3
окт 24 18:59:13 acer-biz kernel: Bluetooth: HCI UART protocol H4 registered
окт 24 18:59:13 acer-biz kernel: Bluetooth: HCI UART protocol Broadcom registered
окт 24 18:59:13 acer-biz kernel: input: Acer Iconia Tab A500 WM8903 Headphones Jack as /devices/soc0/sound/sound/card0/input3
окт 24 18:59:13 acer-biz kernel: input: Acer Iconia Tab A500 WM8903 Mic Jack as /devices/soc0/sound/sound/card0/input4
окт 24 18:59:13 acer-biz kernel: tps6586x-rtc tps6586x-rtc: registered as rtc0
окт 24 18:59:13 acer-biz kernel: tps6586x-rtc tps6586x-rtc: setting system clock to 2024-10-24T16:59:13 UTC (1729789153)
окт 24 18:59:13 acer-biz kernel: mpu3050-i2c 0-0068: found MPU-3050 part no: 3, version: 14
окт 24 18:59:13 acer-biz kernel: mpu3050-i2c 0-0068: die ID: 1099, wafer ID: 01, A lot ID: 0000, W lot ID: 690, WP ID: 3, rev ID:>
окт 24 18:59:13 acer-biz kernel: iio iio:device1: pulse interrupts on the rising edge
окт 24 18:59:13 acer-biz kernel: i2c i2c-0: Added multiplexed i2c bus 5
окт 24 18:59:13 acer-biz kernel: Bluetooth: hci0: BCM: chip id 41
окт 24 18:59:13 acer-biz kernel: Bluetooth: hci0: BCM: features 0x04
окт 24 18:59:13 acer-biz kernel: Bluetooth: hci0: BCM4329B1
окт 24 18:59:13 acer-biz kernel: Bluetooth: hci0: BCM4329B1 (002.002.023) build 0000
окт 24 18:59:13 acer-biz kernel: Bluetooth: hci0: BCM4329B1 'brcm/BCM4329B1.hcd' Patch
окт 24 18:59:13 acer-biz kernel: random: crng init done
окт 24 18:59:13 acer-biz kernel: random: 63 urandom warning(s) missed due to ratelimiting
окт 24 18:59:13 acer-biz systemd-journald[839]: Time spent on flushing to /var/log/journal/1829c45d58746565175f19f56585f475 is 69>
окт 24 18:59:13 acer-biz systemd-journald[839]: System Journal (/var/log/journal/1829c45d58746565175f19f56585f475) is 240.0M, max>
окт 24 18:59:17 acer-biz kernel: cfg80211: Loading compiled-in X.509 certificates for regulatory database
окт 24 18:59:17 acer-biz kernel: usbcore: registered new interface driver usbhid
окт 24 18:59:17 acer-biz kernel: usbhid: USB HID core driver
окт 24 18:59:17 acer-biz kernel: Loaded X.509 cert 'sforshee: 00b28ddf47aef9cea7'
окт 24 18:59:17 acer-biz kernel: brcmfmac: brcmf_fw_alloc_request: using brcm/brcmfmac4329-sdio for chip BCM4329/3
окт 24 18:59:17 acer-biz kernel: brcmfmac mmc2:0001:1: Direct firmware load for brcm/brcmfmac4329-sdio.acer,picasso.bin failed wi>
окт 24 18:59:17 acer-biz kernel: brcmfmac mmc2:0001:1: Direct firmware load for brcm/brcmfmac4329-sdio.clm_blob failed with error>
окт 24 18:59:17 acer-biz kernel: Bluetooth: hci0: BCM: features 0x04
окт 24 18:59:17 acer-biz kernel: Bluetooth: hci0: BCM4329B1 37.4 MHz Class 2 AZW Module
окт 24 18:59:17 acer-biz kernel: Bluetooth: hci0: BCM4329B1 (002.002.023) build 0742
окт 24 18:59:17 acer-biz kernel: brcmfmac: brcmf_c_process_clm_blob: no clm_blob available (err=-2), device may have limited chan>
окт 24 18:59:17 acer-biz kernel: brcmfmac: brcmf_c_process_txcap_blob: no txcap_blob available (err=-2)
окт 24 18:59:17 acer-biz kernel: brcmfmac: brcmf_c_preinit_dcmds: Firmware: BCM4329/3 wl0: Sep  2 2011 14:48:19 version 4.220.48
окт 24 18:59:17 acer-biz kernel: ieee80211 phy0: brcmf_setup_wiphybands: rxchain unsupported
окт 24 18:59:17 acer-biz kernel: input: Logitech USB Receiver as /devices/soc0/c5008000.usb/ci_hdrc.1/usb1/1-1/1-1:1.0/0003:046D:>
окт 24 18:59:17 acer-biz kernel: hid-generic 0003:046D:C52B.0001: input: USB HID v1.11 Keyboard [Logitech USB Receiver] on usb-ci>
окт 24 18:59:17 acer-biz kernel: input: Logitech USB Receiver Mouse as /devices/soc0/c5008000.usb/ci_hdrc.1/usb1/1-1/1-1:1.1/0003>
окт 24 18:59:17 acer-biz kernel: input: Logitech USB Receiver Consumer Control as /devices/soc0/c5008000.usb/ci_hdrc.1/usb1/1-1/1>
окт 24 18:59:17 acer-biz kernel: input: Logitech USB Receiver System Control as /devices/soc0/c5008000.usb/ci_hdrc.1/usb1/1-1/1-1>
окт 24 18:59:17 acer-biz kernel: hid-generic 0003:046D:C52B.0002: input: USB HID v1.11 Mouse [Logitech USB Receiver] on usb-ci_hd>
окт 24 18:59:17 acer-biz kernel: hid-generic 0003:046D:C52B.0003: device has no listeners, quitting
ноя 21 22:57:19 acer-biz systemd[1]: Mounted POSIX Message Queue File System.
окт 24 18:59:13 acer-biz mtp-probe[953]: checking bus 1, device 2: "/sys/devices/soc0/c5008000.usb/ci_hdrc.1/usb1/1-1"
ноя 21 22:57:20 acer-biz systemd-modules-load[855]: Error running install command '/sbin/modprobe --ignore-install snd  && { /sbi>
окт 24 18:59:13 acer-biz mtp-probe[953]: bus: 1, device: 2 was not an MTP device
ноя 21 22:57:20 acer-biz systemd-modules-load[855]: Failed to insert module 'snd_soc_tegra20_i2s': Invalid argument
ноя 21 22:57:20 acer-biz systemd[1]: Mounted Kernel Debug File System.
ноя 21 22:57:20 acer-biz systemd[1]: modprobe@configfs.service: Deactivated successfully.
окт 24 18:59:17 acer-biz systemd-fsck[859]: pmOS_root: clean, 339773/1819680 files, 2136221/7278208 blocks
ноя 21 22:57:20 acer-biz systemd[1]: Finished Load Kernel Module configfs.
ноя 21 22:57:20 acer-biz systemd[1]: modprobe@drm.service: Deactivated successfully.
ноя 21 22:57:20 acer-biz systemd[1]: Finished Load Kernel Module drm.
ноя 21 22:57:20 acer-biz systemd[1]: modprobe@efi_pstore.service: Deactivated successfully.
ноя 21 22:57:20 acer-biz systemd[1]: Finished Load Kernel Module efi_pstore.
ноя 21 22:57:20 acer-biz systemd[1]: modprobe@fuse.service: Deactivated successfully.
ноя 21 22:57:20 acer-biz systemd[1]: Finished Load Kernel Module fuse.
ноя 21 22:57:20 acer-biz systemd[1]: Finished File System Check on Root Device.
ноя 21 22:57:20 acer-biz systemd-modules-load[855]: Inserted module 'snd_soc_tegra_pcm'
ноя 21 22:57:20 acer-biz systemd[1]: Mounting FUSE Control File System...
ноя 21 22:57:20 acer-biz systemd-modules-load[855]: Inserted module 'snd_soc_tegra_wm8903'
ноя 21 22:57:20 acer-biz systemd[1]: Mounting Kernel Configuration File System...
ноя 21 22:57:20 acer-biz systemd[1]: Started File System Check Daemon to report status.
ноя 21 22:57:20 acer-biz systemd[1]: Starting Remount Root and Kernel File Systems...
ноя 21 22:57:20 acer-biz systemd[1]: systemd-modules-load.service: Main process exited, code=exited, status=1/FAILURE
ноя 21 22:57:20 acer-biz systemd[1]: systemd-modules-load.service: Failed with result 'exit-code'.
ноя 21 22:57:20 acer-biz systemd[1]: Failed to start Load Kernel Modules.
ноя 21 22:57:20 acer-biz systemd[1]: Mounted FUSE Control File System.
ноя 21 22:57:20 acer-biz systemd[1]: Mounted Kernel Configuration File System.
ноя 21 22:57:20 acer-biz systemd[1]: Starting Apply Kernel Variables...
ноя 21 22:57:20 acer-biz systemd-sysctl[877]: Couldn't write '176' to 'kernel/sysrq', ignoring: No such file or directory
ноя 21 22:57:20 acer-biz systemd-sysctl[877]: Couldn't write '1' to 'kernel/yama/ptrace_scope', ignoring: No such file or directo>
ноя 21 22:57:20 acer-biz systemd-sysctl[877]: Couldn't write '1' to 'kernel/unprivileged_userns_clone', ignoring: No such file or>
ноя 21 22:57:20 acer-biz systemd-sysctl[877]: Couldn't write '1' to 'kernel/core_uses_pid', ignoring: No such file or directory
ноя 21 22:57:20 acer-biz systemd[1]: Finished Set the console keyboard layout.
ноя 21 22:57:20 acer-biz systemd[1]: Finished Remount Root and Kernel File Systems.
ноя 21 22:57:20 acer-biz systemd[1]: Starting Grow File System on /...
ноя 21 22:57:20 acer-biz systemd[1]: Starting Flush Journal to Persistent Storage...
ноя 21 22:57:20 acer-biz systemd[1]: Condition check resulted in Platform Persistent Storage Archival being skipped.
ноя 21 22:57:20 acer-biz systemd[1]: Starting Load/Save Random Seed...
ноя 21 22:57:20 acer-biz systemd[1]: Starting Create System Users...
ноя 21 22:57:20 acer-biz systemd-random-seed[883]: Kernel entropy pool is not initialized yet, waiting until it is.
ноя 21 22:57:20 acer-biz systemd[1]: Finished Apply Kernel Variables.
ноя 21 22:57:20 acer-biz systemd-growfs[881]: Successfully resized "/" to 27.7G bytes.
ноя 21 22:57:20 acer-biz systemd[1]: Finished Grow File System on /.
ноя 21 22:57:20 acer-biz systemd[1]: Finished Create System Users.
ноя 21 22:57:20 acer-biz systemd[1]: Starting Create Static Device Nodes in /dev...
ноя 21 22:57:20 acer-biz systemd[1]: Finished Coldplug All udev Devices.
ноя 21 22:57:20 acer-biz systemd[1]: Finished Create Static Device Nodes in /dev.
ноя 21 22:57:20 acer-biz systemd[1]: Reached target Preparation for Local File Systems.
ноя 21 22:57:20 acer-biz systemd[1]: Reached target Local File Systems.
ноя 21 22:57:20 acer-biz systemd[1]: Condition check resulted in Load AppArmor profiles being skipped.
ноя 21 22:57:20 acer-biz systemd[1]: Starting Set console font and keymap...
ноя 21 22:57:20 acer-biz systemd[1]: Condition check resulted in Make sure the font cache is generated being skipped.
ноя 21 22:57:20 acer-biz systemd[1]: Starting Helper to synchronize boot up for ifupdown...
ноя 21 22:57:20 acer-biz systemd[1]: Condition check resulted in Create the default swapfile being skipped.
ноя 21 22:57:20 acer-biz systemd[1]: Activating swap The default swapfile...
ноя 21 22:57:20 acer-biz systemd[1]: Condition check resulted in Load AppArmor profiles managed internally by snapd being skipped.
ноя 21 22:57:20 acer-biz systemd[1]: Condition check resulted in Set Up Additional Binary Formats being skipped.
ноя 21 22:57:20 acer-biz systemd[1]: Starting Rule-based Manager for Device Events and Files...
ноя 21 22:57:21 acer-biz systemd[1]: Starting Uncomplicated firewall...
ноя 21 22:57:21 acer-biz systemd[1]: Activated swap The default swapfile.
ноя 21 22:57:21 acer-biz systemd[1]: Finished Set console font and keymap.
ноя 21 22:57:21 acer-biz systemd[1]: Finished Helper to synchronize boot up for ifupdown.
ноя 21 22:57:21 acer-biz systemd[1]: Finished Uncomplicated firewall.
ноя 21 22:57:21 acer-biz systemd[1]: Reached target Preparation for Network.
ноя 21 22:57:21 acer-biz systemd[1]: Reached target Swaps.
ноя 21 22:57:21 acer-biz systemd[1]: Starting Raise network interfaces...
ноя 21 22:57:21 acer-biz systemd[1]: Finished Raise network interfaces.
ноя 21 22:57:21 acer-biz systemd[1]: Started Rule-based Manager for Device Events and Files.
окт 24 18:59:13 acer-biz systemd[1]: Created slice Slice /system/systemd-backlight.
окт 24 18:59:13 acer-biz systemd-udevd[934]: Using default interface naming scheme 'v249'.
окт 24 18:59:13 acer-biz systemd-udevd[934]: usb0: Could not set Alias=, MACAddress=, TransmitQueues=, ReceiveQueues=, TransmitQueueLength=, MTU=, GenericSegmentOffloadMaxBytes= or GenericSegmentOffloadMaxSegment>
окт 24 18:59:13 acer-biz systemd[1]: Starting Load/Save Screen Backlight Brightness of backlight:backlight...
окт 24 18:59:13 acer-biz systemd[1]: Finished Load/Save Screen Backlight Brightness of backlight:backlight.
окт 24 18:59:13 acer-biz systemd[1]: Reached target Hardware activated USB gadget.
окт 24 18:59:13 acer-biz systemd-udevd[937]: mmcblk0: Process '/usr/bin/unshare -m /usr/bin/snap auto-import --mount=/dev/mmcblk0' failed with exit code 1.
окт 24 18:59:13 acer-biz systemd[1]: Finished Load/Save Random Seed.
окт 24 18:59:13 acer-biz systemd-udevd[937]: mmcblk0boot1: Process '/usr/bin/unshare -m /usr/bin/snap auto-import --mount=/dev/mmcblk0boot1' failed with exit code 1.
окт 24 18:59:14 acer-biz systemd-udevd[934]: mmcblk0boot0: Process '/usr/bin/unshare -m /usr/bin/snap auto-import --mount=/dev/mmcblk0boot0' failed with exit code 1.
окт 24 18:59:14 acer-biz systemd-udevd[930]: mmcblk0p2: Process '/usr/bin/unshare -m /usr/bin/snap auto-import --mount=/dev/mmcblk0p2' failed with exit code 1.
окт 24 18:59:14 acer-biz systemd-udevd[935]: nbd1: Process '/usr/bin/unshare -m /usr/bin/snap auto-import --mount=/dev/nbd1' failed with exit code 1.
окт 24 18:59:14 acer-biz systemd-udevd[937]: nbd10: Process '/usr/bin/unshare -m /usr/bin/snap auto-import --mount=/dev/nbd10' failed with exit code 1.
окт 24 18:59:14 acer-biz systemd-udevd[934]: nbd0: Process '/usr/bin/unshare -m /usr/bin/snap auto-import --mount=/dev/nbd0' failed with exit code 1.
окт 24 18:59:14 acer-biz systemd[1]: Condition check resulted in First Boot Complete being skipped.
окт 24 18:59:14 acer-biz systemd[1]: Condition check resulted in Store a System Token in an EFI Variable being skipped.
окт 24 18:59:14 acer-biz systemd[1]: Condition check resulted in Commit a transient machine-id on disk being skipped.
окт 24 18:59:14 acer-biz systemd-udevd[935]: nbd13: Process '/usr/bin/unshare -m /usr/bin/snap auto-import --mount=/dev/nbd13' failed with exit code 1.
окт 24 18:59:14 acer-biz systemd-udevd[937]: nbd14: Process '/usr/bin/unshare -m /usr/bin/snap auto-import --mount=/dev/nbd14' failed with exit code 1.
окт 24 18:59:14 acer-biz systemd-udevd[932]: nbd11: Process '/usr/bin/unshare -m /usr/bin/snap auto-import --mount=/dev/nbd11' failed with exit code 1.
окт 24 18:59:14 acer-biz systemd-udevd[930]: nbd12: Process '/usr/bin/unshare -m /usr/bin/snap auto-import --mount=/dev/nbd12' failed with exit code 1.
окт 24 18:59:14 acer-biz systemd-udevd[934]: nbd15: Process '/usr/bin/unshare -m /usr/bin/snap auto-import --mount=/dev/nbd15' failed with exit code 1.
окт 24 18:59:14 acer-biz systemd-udevd[937]: nbd2: Process '/usr/bin/unshare -m /usr/bin/snap auto-import --mount=/dev/nbd2' failed with exit code 1.
окт 24 18:59:14 acer-biz systemd-udevd[930]: nbd3: Process '/usr/bin/unshare -m /usr/bin/snap auto-import --mount=/dev/nbd3' failed with exit code 1.
окт 24 18:59:14 acer-biz systemd-udevd[932]: nbd5: Process '/usr/bin/unshare -m /usr/bin/snap auto-import --mount=/dev/nbd5' failed with exit code 1.
окт 24 18:59:14 acer-biz systemd-udevd[935]: nbd4: Process '/usr/bin/unshare -m /usr/bin/snap auto-import --mount=/dev/nbd4' failed with exit code 1.
окт 24 18:59:14 acer-biz systemd-udevd[934]: nbd7: Process '/usr/bin/unshare -m /usr/bin/snap auto-import --mount=/dev/nbd7' failed with exit code 1.
окт 24 18:59:14 acer-biz systemd-udevd[932]: nbd9: Process '/usr/bin/unshare -m /usr/bin/snap auto-import --mount=/dev/nbd9' failed with exit code 1.
окт 24 18:59:14 acer-biz systemd-udevd[931]: mmcblk0p1: Process '/usr/bin/unshare -m /usr/bin/snap auto-import --mount=/dev/mmcblk0p1' failed with exit code 1.
окт 24 18:59:14 acer-biz systemd-udevd[930]: nbd6: Process '/usr/bin/unshare -m /usr/bin/snap auto-import --mount=/dev/nbd6' failed with exit code 1.
окт 24 18:59:14 acer-biz systemd-udevd[937]: nbd8: Process '/usr/bin/unshare -m /usr/bin/snap auto-import --mount=/dev/nbd8' failed with exit code 1.
окт 24 18:59:14 acer-biz systemd-udevd[933]: mmcblk0p3: Process '/usr/bin/unshare -m /usr/bin/snap auto-import --mount=/dev/mmcblk0p3' failed with exit code 1.
окт 24 18:59:14 acer-biz systemd[1]: Found device /dev/disk/by-label/pmOS_boot.
окт 24 18:59:14 acer-biz systemd[1]: Starting File System Check on /dev/disk/by-label/pmOS_boot...
окт 24 18:59:14 acer-biz systemd[1]: Finished File System Check on /dev/disk/by-label/pmOS_boot.
окт 24 18:59:15 acer-biz systemd[1]: Listening on Load/Save RF Kill Switch Status /dev/rfkill Watch.
окт 24 18:59:15 acer-biz systemd[1]: Starting Load/Save RF Kill Switch Status...
окт 24 18:59:15 acer-biz systemd-udevd[932]: Using default interface naming scheme 'v249'.
окт 24 18:59:16 acer-biz systemd[1]: Condition check resulted in Arbitrary Executable File Formats File System Automount Point being skipped.
окт 24 18:59:16 acer-biz systemd[1]: Condition check resulted in Huge Pages File System being skipped.
окт 24 18:59:16 acer-biz systemd[1]: Condition check resulted in Kernel Trace File System being skipped.
окт 24 18:59:16 acer-biz systemd[1]: Condition check resulted in Load AppArmor profiles being skipped.
окт 24 18:59:16 acer-biz systemd[1]: Condition check resulted in Make sure the font cache is generated being skipped.
окт 24 18:59:16 acer-biz systemd[1]: Condition check resulted in Create List of Static Device Nodes being skipped.
окт 24 18:59:16 acer-biz systemd[1]: Starting Load Kernel Module efi_pstore...
окт 24 18:59:16 acer-biz systemd[1]: Condition check resulted in Set Up Additional Binary Formats being skipped.
окт 24 18:59:16 acer-biz systemd[1]: Condition check resulted in Store a System Token in an EFI Variable being skipped.
окт 24 18:59:16 acer-biz systemd[1]: Condition check resulted in Commit a transient machine-id on disk being skipped.
окт 24 18:59:16 acer-biz systemd[1]: Starting Load Kernel Modules...
окт 24 18:59:16 acer-biz systemd[1]: modprobe@efi_pstore.service: Deactivated successfully.
окт 24 18:59:16 acer-biz systemd[1]: Finished Load Kernel Module efi_pstore.
окт 24 18:59:16 acer-biz systemd[1]: Condition check resulted in Platform Persistent Storage Archival being skipped.
окт 24 18:59:16 acer-biz systemd[1]: Finished Load Kernel Modules.
окт 24 18:59:17 acer-biz systemd[1]: Started Load/Save RF Kill Switch Status.
окт 24 18:59:17 acer-biz systemd[1]: Condition check resulted in Arbitrary Executable File Formats File System Automount Point being skipped.
окт 24 18:59:17 acer-biz systemd[1]: Condition check resulted in Huge Pages File System being skipped.
окт 24 18:59:17 acer-biz systemd[1]: Condition check resulted in Kernel Trace File System being skipped.
окт 24 18:59:17 acer-biz systemd[1]: Condition check resulted in Load AppArmor profiles being skipped.
окт 24 18:59:17 acer-biz systemd[1]: Condition check resulted in Make sure the font cache is generated being skipped.
окт 24 18:59:17 acer-biz systemd[1]: Condition check resulted in Create List of Static Device Nodes being skipped.
окт 24 18:59:17 acer-biz systemd[1]: Starting Load Kernel Module efi_pstore...
окт 24 18:59:17 acer-biz systemd[1]: Condition check resulted in Set Up Additional Binary Formats being skipped.
окт 24 18:59:17 acer-biz systemd[1]: Condition check resulted in Store a System Token in an EFI Variable being skipped.
окт 24 18:59:17 acer-biz systemd[1]: Condition check resulted in Commit a transient machine-id on disk being skipped.
окт 24 18:59:17 acer-biz systemd[1]: modprobe@efi_pstore.service: Deactivated successfully.
окт 24 18:59:17 acer-biz systemd[1]: Finished Load Kernel Module efi_pstore.
окт 24 18:59:17 acer-biz systemd[1]: Condition check resulted in Platform Persistent Storage Archival being skipped.
окт 24 18:59:17 acer-biz systemd[1]: Finished Flush Journal to Persistent Storage.
окт 24 18:59:17 acer-biz systemd[1]: Starting Create Volatile Files and Directories...
окт 24 18:59:17 acer-biz systemd[1]: Finished Create Volatile Files and Directories.
окт 24 18:59:17 acer-biz systemd[1]: Condition check resulted in Arbitrary Executable File Formats File System Automount Point being skipped.
окт 24 18:59:17 acer-biz systemd[1]: Condition check resulted in Huge Pages File System being skipped.
окт 24 18:59:17 acer-biz systemd[1]: Condition check resulted in Kernel Trace File System being skipped.
окт 24 18:59:17 acer-biz systemd[1]: Condition check resulted in Load AppArmor profiles being skipped.
окт 24 18:59:17 acer-biz systemd[1]: Condition check resulted in Make sure the font cache is generated being skipped.
окт 24 18:59:17 acer-biz systemd[1]: Condition check resulted in Create List of Static Device Nodes being skipped.
окт 24 18:59:17 acer-biz systemd[1]: Starting Load Kernel Module efi_pstore...
окт 24 18:59:17 acer-biz systemd[1]: Condition check resulted in Set Up Additional Binary Formats being skipped.
окт 24 18:59:17 acer-biz systemd[1]: Condition check resulted in Store a System Token in an EFI Variable being skipped.
окт 24 18:59:17 acer-biz systemd[1]: Condition check resulted in Commit a transient machine-id on disk being skipped.
окт 24 18:59:17 acer-biz systemd[1]: Starting Network Name Resolution...
окт 24 18:59:17 acer-biz systemd[1]: Starting Network Time Synchronization...
окт 24 18:59:17 acer-biz systemd[1]: Starting Record System Boot/Shutdown in UTMP...
окт 24 18:59:17 acer-biz systemd[1]: modprobe@efi_pstore.service: Deactivated successfully.
окт 24 18:59:17 acer-biz systemd[1]: Finished Load Kernel Module efi_pstore.
окт 24 18:59:17 acer-biz systemd[1]: Condition check resulted in Platform Persistent Storage Archival being skipped.
окт 24 18:59:17 acer-biz systemd[1]: Finished Record System Boot/Shutdown in UTMP.
окт 24 18:59:18 acer-biz systemd[1]: Started Network Time Synchronization.
окт 24 18:59:18 acer-biz systemd[1]: Reached target System Initialization.
окт 24 18:59:18 acer-biz systemd[1]: Started Process error reports when automatic reporting is enabled (file watch).
окт 24 18:59:18 acer-biz systemd[1]: Started CUPS Scheduler.
окт 24 18:59:18 acer-biz systemd[1]: Started Process error reports when automatic reporting is enabled (timer based).
окт 24 18:59:18 acer-biz systemd[1]: Started Daily Cleanup of Temporary Directories.
окт 24 18:59:18 acer-biz systemd[1]: Condition check resulted in Ubuntu Pro Timer for running repeated jobs being skipped.
окт 24 18:59:18 acer-biz systemd[1]: Reached target Path Units.
окт 24 18:59:18 acer-biz systemd[1]: Reached target System Time Set.
окт 24 18:59:18 acer-biz systemd[1]: Started Trigger anacron every hour.
окт 24 18:59:18 acer-biz systemd[1]: Started Daily apt download activities.
окт 24 18:59:18 acer-biz systemd[1]: Started Daily apt upgrade and clean activities.
окт 24 18:59:18 acer-biz systemd[1]: Started Daily dpkg database backup timer.
окт 24 18:59:18 acer-biz systemd-resolved[1063]: Positive Trust Anchors:
окт 24 18:59:18 acer-biz systemd-resolved[1063]: . IN DS 20326 8 2 e06d44b80b8f1d39a95c0b0d7c65d08458e880409bbc683457104237c7f8ec8d
окт 24 18:59:18 acer-biz systemd-resolved[1063]: Negative trust anchors: home.arpa 10.in-addr.arpa 16.172.in-addr.arpa 17.172.in-addr.arpa 18.172.in-addr.arpa 19.172.in-addr.arpa 20.172.in-addr.arpa 21.172.in-add>
окт 24 18:59:18 acer-biz systemd[1]: Started Periodic ext4 Online Metadata Check for All Filesystems.
окт 24 18:59:18 acer-biz systemd[1]: Started Discard unused blocks once a week.
окт 24 18:59:18 acer-biz systemd[1]: Started Refresh fwupd metadata regularly.
окт 24 18:59:18 acer-biz systemd[1]: Started Daily rotation of log files.
окт 24 18:59:18 acer-biz systemd[1]: Started Daily man-db regeneration.
окт 24 18:59:18 acer-biz systemd[1]: Started Message of the Day.
окт 24 18:59:18 acer-biz systemd[1]: Condition check resulted in Timer to automatically fetch and run repair assertions being skipped.
окт 24 18:59:18 acer-biz systemd[1]: Condition check resulted in Unix socket for apport crash forwarding being skipped.
окт 24 18:59:18 acer-biz systemd[1]: Listening on Avahi mDNS/DNS-SD Stack Activation Socket.
окт 24 18:59:18 acer-biz systemd[1]: Listening on CUPS Scheduler.
окт 24 18:59:18 acer-biz systemd[1]: Listening on D-Bus System Message Bus Socket.
окт 24 18:59:18 acer-biz systemd[1]: snapd.socket: Socket service snapd.service not loaded, refusing.
окт 24 18:59:18 acer-biz systemd[1]: Failed to listen on Socket activation for snappy daemon.
окт 24 18:59:18 acer-biz systemd[1]: Dependency failed for Wait until snapd is fully seeded.
окт 24 18:59:18 acer-biz systemd[1]: snapd.seeded.service: Job snapd.seeded.service/start failed with result 'dependency'.
окт 24 18:59:18 acer-biz systemd[1]: Listening on UUID daemon activation socket.
окт 24 18:59:18 acer-biz systemd[1]: Reached target Socket Units.
окт 24 18:59:18 acer-biz systemd[1]: Reached target Basic System.
окт 24 18:59:18 acer-biz systemd[1]: Condition check resulted in Manage Sound Card State (restore and store) being skipped.
окт 24 18:59:18 acer-biz systemd[1]: Starting Save/Restore Sound Card State...
окт 24 18:59:18 acer-biz systemd-resolved[1063]: Using system hostname 'acer-biz'.
окт 24 18:59:18 acer-biz systemd[1]: Started Run anacron jobs.
окт 24 18:59:18 acer-biz anacron[1069]: Anacron 2.3 started on 2024-10-24
окт 24 18:59:18 acer-biz systemd[1]: Starting LSB: automatic crash report generation...
окт 24 18:59:18 acer-biz anacron[1069]: Normal exit (0 jobs run)
окт 24 18:59:18 acer-biz systemd[1]: Starting Avahi mDNS/DNS-SD Stack...
окт 24 18:59:18 acer-biz systemd[1]: Starting Bluetooth management mechanism...
окт 24 18:59:18 acer-biz systemd[1]: Starting Bluetooth service...
окт 24 18:59:18 acer-biz systemd[1]: Started D-Bus System Message Bus.
окт 24 18:59:18 acer-biz systemd[1]: Starting Network Manager...
окт 24 18:59:18 acer-biz avahi-daemon[1072]: Found user 'avahi' (UID 114) and group 'avahi' (GID 122).
окт 24 18:59:18 acer-biz systemd[1]: Started Save initial kernel messages after boot.
окт 24 18:59:18 acer-biz systemd[1]: Starting Remove Stale Online ext4 Metadata Check Snapshots...
окт 24 18:59:18 acer-biz systemd[1]: Condition check resulted in getty on tty2-tty6 if dbus and logind are not available being skipped.
окт 24 18:59:18 acer-biz systemd[1]: Starting IIO Sensor Proxy service...
окт 24 18:59:18 acer-biz systemd[1]: Started irqbalance daemon.
окт 24 18:59:18 acer-biz systemd[1]: Starting Kill pbsplash on startup...
окт 24 18:59:18 acer-biz systemd[1]: Starting Initialize hardware monitoring sensors...
окт 24 18:59:18 acer-biz systemd[1]: Starting LSB: Load kernel modules needed to enable cpufreq scaling...
окт 24 18:59:18 acer-biz systemd[1]: Starting Dispatcher daemon for systemd-networkd...
окт 24 18:59:18 acer-biz systemd[1]: Starting Authorization Manager...
окт 24 18:59:18 acer-biz systemd[1]: Starting Check for Raspberry Pi EEPROM updates...
окт 24 18:59:18 acer-biz systemd[1]: Starting System Logging Service...
окт 24 18:59:18 acer-biz systemd[1]: Condition check resulted in Auto import assertions from block devices being skipped.
окт 24 18:59:18 acer-biz systemd[1]: Condition check resulted in Automatically repair incorrect owner/permissions on core devices being skipped.
окт 24 18:59:18 acer-biz systemd[1]: Condition check resulted in Wait for the Ubuntu Core chooser trigger being skipped.
окт 24 18:59:18 acer-biz systemd[1]: Reached target Preparation for Logins.
окт 24 18:59:19 acer-biz systemd[1]: Condition check resulted in System Security Services Daemon being skipped.
окт 24 18:59:19 acer-biz systemd[1]: Reached target User and Group Name Lookups.
окт 24 18:59:19 acer-biz kill_pbsplash.sh[1082]: Процесс pbsplash мертв. Чилим дальше :)
окт 24 18:59:19 acer-biz systemd[1]: sssd-nss.socket: Bound to unit sssd.service, but unit isn't active.
окт 24 18:59:19 acer-biz systemd[1]: Dependency failed for SSSD NSS Service responder socket.
окт 24 18:59:19 acer-biz systemd[1]: sssd-nss.socket: Job sssd-nss.socket/start failed with result 'dependency'.
окт 24 18:59:19 acer-biz systemd[1]: sssd-autofs.socket: Bound to unit sssd.service, but unit isn't active.
окт 24 18:59:19 acer-biz systemd[1]: Dependency failed for SSSD AutoFS Service responder socket.
окт 24 18:59:19 acer-biz systemd[1]: sssd-autofs.socket: Job sssd-autofs.socket/start failed with result 'dependency'.
окт 24 18:59:19 acer-biz systemd[1]: sssd-pac.socket: Bound to unit sssd.service, but unit isn't active.
окт 24 18:59:19 acer-biz systemd[1]: Dependency failed for SSSD PAC Service responder socket.
окт 24 18:59:19 acer-biz systemd[1]: sssd-pac.socket: Job sssd-pac.socket/start failed with result 'dependency'.
окт 24 18:59:19 acer-biz systemd[1]: sssd-pam-priv.socket: Bound to unit sssd.service, but unit isn't active.
окт 24 18:59:19 acer-biz systemd[1]: Dependency failed for SSSD PAM Service responder private socket.
окт 24 18:59:19 acer-biz systemd[1]: Dependency failed for SSSD PAM Service responder socket.
окт 24 18:59:19 acer-biz systemd[1]: sssd-pam.socket: Job sssd-pam.socket/start failed with result 'dependency'.
окт 24 18:59:19 acer-biz systemd[1]: sssd-pam-priv.socket: Job sssd-pam-priv.socket/start failed with result 'dependency'.
окт 24 18:59:19 acer-biz systemd[1]: sssd-ssh.socket: Bound to unit sssd.service, but unit isn't active.
окт 24 18:59:19 acer-biz systemd[1]: Dependency failed for SSSD SSH Service responder socket.
окт 24 18:59:19 acer-biz systemd[1]: sssd-ssh.socket: Job sssd-ssh.socket/start failed with result 'dependency'.
окт 24 18:59:19 acer-biz systemd[1]: sssd-sudo.socket: Bound to unit sssd.service, but unit isn't active.
окт 24 18:59:19 acer-biz systemd[1]: Dependency failed for SSSD Sudo Service responder socket.
окт 24 18:59:19 acer-biz NetworkManager[1077]: <info>  [1729789159.1968] NetworkManager (version 1.36.6) is starting... (for the first time)
окт 24 18:59:19 acer-biz NetworkManager[1077]: <info>  [1729789159.2121] Read config: /etc/NetworkManager/NetworkManager.conf (lib: 10-dns-resolved.conf, no-mac-addr-change.conf) (run: 10-globally-managed-devices>
окт 24 18:59:19 acer-biz systemd[1]: sssd-sudo.socket: Job sssd-sudo.socket/start failed with result 'dependency'.
окт 24 18:59:19 acer-biz bluetoothd[1075]: Bluetooth daemon 5.64
окт 24 18:59:19 acer-biz rpi-eeprom-update[1091]: This tool only works with a Raspberry Pi 4
окт 24 18:59:19 acer-biz systemd[1]: Starting Accounts Service...
окт 24 18:59:19 acer-biz systemd[1]: Started Regular background program processing daemon.
окт 24 18:59:19 acer-biz cron[1104]: (CRON) INFO (pidfile fd = 3)
окт 24 18:59:19 acer-biz systemd[1]: Starting User Login Management...
окт 24 18:59:19 acer-biz systemd[1]: Condition check resulted in Ubuntu Pro reboot cmds being skipped.
окт 24 18:59:19 acer-biz cron[1104]: (CRON) INFO (Running @reboot jobs)
окт 24 18:59:19 acer-biz systemd[1]: Starting Disk Manager...
окт 24 18:59:19 acer-biz systemd[1]: Starting WPA supplicant...
окт 24 18:59:19 acer-biz systemd[1]: Started Network Name Resolution.
окт 24 18:59:19 acer-biz systemd[1]: anacron.service: Deactivated successfully.
окт 24 18:59:19 acer-biz systemd[1]: e2scrub_reap.service: Deactivated successfully.
окт 24 18:59:19 acer-biz systemd[1]: Finished Remove Stale Online ext4 Metadata Check Snapshots.
окт 24 18:59:19 acer-biz systemd[1]: Finished Kill pbsplash on startup.
окт 24 18:59:19 acer-biz udisksd[1106]: udisks daemon version 2.9.4 starting
окт 24 18:59:19 acer-biz alsactl[1108]: alsa-lib main.c:1412:(snd_use_case_mgr_open) error: failed to import hw:1 use case configuration -2
окт 24 18:59:19 acer-biz systemd[1]: Finished Check for Raspberry Pi EEPROM updates.
окт 24 18:59:19 acer-biz bluetoothd[1075]: Starting SDP server
окт 24 18:59:19 acer-biz NetworkManager[1077]: <info>  [1729789159.6805] bus-manager: acquired D-Bus service "org.freedesktop.NetworkManager"
окт 24 18:59:19 acer-biz systemd[1]: Finished Save/Restore Sound Card State.
окт 24 18:59:19 acer-biz sensors[1113]: nct1008-i2c-2-4c
окт 24 18:59:19 acer-biz sensors[1113]: Adapter: 7000d000.i2c
окт 24 18:59:19 acer-biz sensors[1113]: temp1:        +35.0°C  (low  = -64.0°C, high = +60.0°C)
окт 24 18:59:19 acer-biz sensors[1113]:                        (crit = +120.0°C, hyst = +110.0°C)
окт 24 18:59:19 acer-biz sensors[1113]: temp2:        +45.2°C  (low  = -64.0°C, high = +85.0°C)
окт 24 18:59:19 acer-biz sensors[1113]:                        (crit = +115.0°C, hyst = +105.0°C)
окт 24 18:59:19 acer-biz wpa_supplicant[1107]: Successfully initialized wpa_supplicant
окт 24 18:59:19 acer-biz iio-sensor-prox[1080]: Could not find trigger name associated with /sys/devices/soc0/7000c000.i2c/i2c-0/i2c-5/5-000f/iio:device2
окт 24 18:59:19 acer-biz NetworkManager[1077]: <info>  [1729789159.8334] manager[0x758018]: monitoring kernel firmware directory '/lib/firmware'.
окт 24 18:59:19 acer-biz NetworkManager[1077]: <info>  [1729789159.8348] monitoring ifupdown state file '/run/network/ifstate'.
окт 24 18:59:19 acer-biz systemd[1]: Finished Initialize hardware monitoring sensors.
окт 24 18:59:19 acer-biz dbus-daemon[1076]: [system] Activating systemd to hand-off: service name='org.freedesktop.hostname1' unit='dbus-org.freedesktop.hostname1.service' requested by ':1.5' (uid=0 pid=1077 comm>
окт 24 18:59:19 acer-biz kernel: Bluetooth: BNEP (Ethernet Emulation) ver 1.3
окт 24 18:59:19 acer-biz kernel: Bluetooth: BNEP socket layer initialized
окт 24 18:59:19 acer-biz polkitd[1090]: started daemon version 0.105 using authority implementation `local' version `0.105'
окт 24 18:59:19 acer-biz kernel: Bluetooth: MGMT ver 1.22
окт 24 18:59:19 acer-biz bluetoothd[1075]: Bluetooth management interface 1.22 initialized
окт 24 18:59:19 acer-biz bluetoothd[1075]: src/adapter.c:reset_adv_monitors_complete() Failed to reset Adv Monitors: Failed (0x03)
окт 24 18:59:19 acer-biz bluetoothd[1075]: Failed to clear UUIDs: Failed (0x03)
окт 24 18:59:19 acer-biz avahi-daemon[1072]: Successfully dropped root privileges.
окт 24 18:59:19 acer-biz avahi-daemon[1072]: avahi-daemon 0.8 starting up.
окт 24 18:59:20 acer-biz udisksd[1106]: failed to load module mdraid: libbd_mdraid.so.2: cannot open shared object file: No such file or directory
окт 24 18:59:20 acer-biz avahi-daemon[1072]: Successfully called chroot().
окт 24 18:59:20 acer-biz avahi-daemon[1072]: Successfully dropped remaining capabilities.
окт 24 18:59:20 acer-biz avahi-daemon[1072]: No service file found in /etc/avahi/services.
окт 24 18:59:20 acer-biz avahi-daemon[1072]: Joining mDNS multicast group on interface usb0.IPv6 with address fe80::1400:61ff:fe1a:df46.
окт 24 18:59:20 acer-biz avahi-daemon[1072]: New relevant interface usb0.IPv6 for mDNS.
окт 24 18:59:20 acer-biz avahi-daemon[1072]: Joining mDNS multicast group on interface usb0.IPv4 with address 172.16.42.1.
окт 24 18:59:20 acer-biz avahi-daemon[1072]: New relevant interface usb0.IPv4 for mDNS.
окт 24 18:59:20 acer-biz avahi-daemon[1072]: Joining mDNS multicast group on interface lo.IPv6 with address ::1.
окт 24 18:59:20 acer-biz avahi-daemon[1072]: New relevant interface lo.IPv6 for mDNS.
окт 24 18:59:20 acer-biz avahi-daemon[1072]: Joining mDNS multicast group on interface lo.IPv4 with address 127.0.0.1.
окт 24 18:59:20 acer-biz avahi-daemon[1072]: New relevant interface lo.IPv4 for mDNS.
окт 24 18:59:20 acer-biz avahi-daemon[1072]: Network interface enumeration completed.
окт 24 18:59:20 acer-biz avahi-daemon[1072]: Registering new address record for fe80::1400:61ff:fe1a:df46 on usb0.*.
окт 24 18:59:20 acer-biz avahi-daemon[1072]: Registering new address record for 172.16.42.1 on usb0.IPv4.
окт 24 18:59:20 acer-biz avahi-daemon[1072]: Registering new address record for ::1 on lo.*.
окт 24 18:59:20 acer-biz avahi-daemon[1072]: Registering new address record for 127.0.0.1 on lo.IPv4.
окт 24 18:59:20 acer-biz rsyslogd[1092]: imuxsock: Acquired UNIX socket '/run/systemd/journal/syslog' (fd 3) from systemd.  [v8.2112.0]
окт 24 18:59:20 acer-biz rsyslogd[1092]: rsyslogd's groupid changed to 111
окт 24 18:59:20 acer-biz rsyslogd[1092]: rsyslogd's userid changed to 104
окт 24 18:59:20 acer-biz rsyslogd[1092]: [origin software="rsyslogd" swVersion="8.2112.0" x-pid="1092" x-info="https://www.rsyslog.com"] start
окт 24 18:59:20 acer-biz dbus-daemon[1076]: [system] Successfully activated service 'org.freedesktop.systemd1'
окт 24 18:59:20 acer-biz udisksd[1106]: Failed to load the 'mdraid' libblockdev plugin
окт 24 18:59:20 acer-biz systemd[1]: Started System Logging Service.
окт 24 18:59:20 acer-biz systemd-logind[1105]: New seat seat0.
окт 24 18:59:20 acer-biz apport[1070]:  * Starting automatic crash report generation: apport
окт 24 18:59:20 acer-biz systemd-logind[1105]: Watching system buttons on /dev/input/event5 (Logitech USB Receiver)
окт 24 18:59:20 acer-biz systemd-logind[1105]: Watching system buttons on /dev/input/event7 (Logitech USB Receiver Consumer Control)
окт 24 18:59:20 acer-biz systemd-logind[1105]: Watching system buttons on /dev/input/event8 (Logitech USB Receiver System Control)
окт 24 18:59:20 acer-biz systemd-logind[1105]: Watching system buttons on /dev/input/event1 (gpio-keys)
окт 24 18:59:20 acer-biz systemd[1]: Started Bluetooth service.
окт 24 18:59:20 acer-biz loadcpufreq[1086]:  * Loading cpufreq kernel modules...
окт 24 18:59:20 acer-biz systemd[1]: Started WPA supplicant.
окт 24 18:59:20 acer-biz apport[1070]: /etc/init.d/apport: 53: cannot create /proc/sys/kernel/core_pattern: Directory nonexistent
окт 24 18:59:20 acer-biz apport[1070]: /etc/init.d/apport: 55: cannot create /proc/sys/kernel/core_pipe_limit: Directory nonexistent
окт 24 18:59:20 acer-biz apport[1070]:    ...fail!
окт 24 18:59:20 acer-biz systemd[1]: Started LSB: automatic crash report generation.
окт 24 18:59:20 acer-biz systemd[1]: Started Network Manager.
окт 24 18:59:20 acer-biz systemd[1]: Started Authorization Manager.
окт 24 18:59:20 acer-biz systemd[1]: Started Avahi mDNS/DNS-SD Stack.
окт 24 18:59:20 acer-biz systemd[1]: Started IIO Sensor Proxy service.
окт 24 18:59:20 acer-biz systemd[1]: Started User Login Management.
окт 24 18:59:20 acer-biz systemd[1]: Started Start whoopsie on modification of the /var/crash directory.
окт 24 18:59:20 acer-biz systemd[1]: Reached target Bluetooth Support.
окт 24 18:59:20 acer-biz systemd[1]: Reached target Network.
окт 24 18:59:20 acer-biz systemd[1]: Reached target Host and Network Name Lookups.
окт 24 18:59:20 acer-biz systemd[1]: Starting Modem Manager...
окт 24 18:59:20 acer-biz systemd[1]: Starting Network Manager Wait Online...
окт 24 18:59:20 acer-biz systemd[1]: Condition check resulted in Manage Sound Card State (restore and store) being skipped.
окт 24 18:59:20 acer-biz systemd[1]: Reached target Sound Card.
окт 24 18:59:20 acer-biz systemd[1]: Starting Process error reports when automatic reporting is enabled...
окт 24 18:59:20 acer-biz systemd[1]: Starting CUPS Scheduler...
окт 24 18:59:20 acer-biz systemd[1]: Starting LSB: Start lightdm...
окт 24 18:59:20 acer-biz systemd[1]: Starting OpenVPN service...
окт 24 18:59:20 acer-biz loadcpufreq[1086]:    ...done.
окт 24 18:59:20 acer-biz accounts-daemon[1103]: started daemon version 22.07.5
окт 24 18:59:20 acer-biz systemd[1]: Starting OpenBSD Secure Shell server...
окт 24 18:59:20 acer-biz avahi-daemon[1072]: Server startup complete. Host name is acer-biz.local. Local service cookie is 3501827745.
окт 24 18:59:20 acer-biz systemd[1]: Starting Hostname Service...
окт 24 18:59:21 acer-biz systemd[1]: Starting Permit User Sessions...
окт 24 18:59:21 acer-biz systemd[1]: Started Unattended Upgrades Shutdown.
окт 24 18:59:21 acer-biz systemd[1]: Started LSB: Load kernel modules needed to enable cpufreq scaling.
окт 24 18:59:21 acer-biz systemd[1]: Started LSB: Start lightdm.
окт 24 18:59:21 acer-biz systemd[1]: Finished OpenVPN service.
окт 24 18:59:21 acer-biz systemd[1]: Started Accounts Service.
окт 24 18:59:21 acer-biz systemd[1]: Started Disk Manager.
окт 24 18:59:21 acer-biz systemd[1]: Starting LSB: set CPUFreq kernel parameters...
окт 24 18:59:21 acer-biz udisksd[1106]: Acquired the name org.freedesktop.UDisks2 on the system message bus
окт 24 18:59:21 acer-biz systemd[1]: Finished Permit User Sessions.
окт 24 18:59:21 acer-biz ModemManager[1149]: <info>  ModemManager (version 1.20.0) starting in system bus...
окт 24 18:59:21 acer-biz systemd[1]: Starting Set console scheme...
окт 24 18:59:21 acer-biz systemd[1]: Finished Set console scheme.
окт 24 18:59:21 acer-biz systemd[1]: Created slice Slice /system/getty.
окт 24 18:59:21 acer-biz systemd[1]: Started Getty on tty1.
окт 24 18:59:21 acer-biz systemd[1]: Reached target Login Prompts.
окт 24 18:59:21 acer-biz networkd-dispatcher[1089]: No valid path found for iw
окт 24 18:59:21 acer-biz systemd[1]: Started CUPS Scheduler.
окт 24 18:59:22 acer-biz systemd[1]: systemd-rfkill.service: Deactivated successfully.
окт 24 18:59:22 acer-biz cpufrequtils[1191]:  * CPUFreq Utilities: Setting ondemand CPUFreq governor...
окт 24 18:59:22 acer-biz cpufrequtils[1191]:  * CPU0...
окт 24 18:59:22 acer-biz dbus-daemon[1076]: [system] Activating via systemd: service name='org.freedesktop.network1' unit='dbus-org.freedesktop.network1.service' requested by ':1.22' (uid=0 pid=1209 comm="/usr/bi>
окт 24 18:59:22 acer-biz cpufrequtils[1191]:  * CPU1...
окт 24 18:59:22 acer-biz dbus-daemon[1076]: [system] Activation via systemd failed for unit 'dbus-org.freedesktop.network1.service': Unit dbus-org.freedesktop.network1.service not found.
окт 24 18:59:22 acer-biz networkd-dispatcher[1209]: WARNING: systemd-networkd is not running, output will be incomplete.
окт 24 18:59:22 acer-biz cpufrequtils[1191]:    ...done.
окт 24 18:59:22 acer-biz systemd[1]: Started LSB: set CPUFreq kernel parameters.
окт 24 18:59:22 acer-biz sshd[1208]: Server listening on 0.0.0.0 port 22.
окт 24 18:59:22 acer-biz sshd[1208]: Server listening on :: port 22.
окт 24 18:59:22 acer-biz systemd[1]: Started OpenBSD Secure Shell server.
окт 24 18:59:22 acer-biz networkd-dispatcher[1089]: ERROR:Unknown state for interface NetworkctlListState(idx=1, name='lo', type='loopback', operational='n/a', administrative='unmanaged'): n/a
окт 24 18:59:22 acer-biz networkd-dispatcher[1089]: Traceback (most recent call last):
окт 24 18:59:22 acer-biz networkd-dispatcher[1089]:   File "/usr/bin/networkd-dispatcher", line 298, in trigger_all
окт 24 18:59:22 acer-biz networkd-dispatcher[1089]:     self.handle_state(iface_name,
окт 24 18:59:22 acer-biz networkd-dispatcher[1089]:   File "/usr/bin/networkd-dispatcher", line 348, in handle_state
окт 24 18:59:22 acer-biz networkd-dispatcher[1089]:     raise UnknownState(operational_state)
окт 24 18:59:22 acer-biz networkd-dispatcher[1089]: UnknownState: n/a
окт 24 18:59:22 acer-biz networkd-dispatcher[1089]: ERROR:Unknown state for interface NetworkctlListState(idx=2, name='usb0', type='gadget', operational='n/a', administrative='unmanaged'): n/a
окт 24 18:59:22 acer-biz networkd-dispatcher[1089]: Traceback (most recent call last):
окт 24 18:59:22 acer-biz networkd-dispatcher[1089]:   File "/usr/bin/networkd-dispatcher", line 298, in trigger_all
окт 24 18:59:22 acer-biz networkd-dispatcher[1089]:     self.handle_state(iface_name,
окт 24 18:59:22 acer-biz networkd-dispatcher[1089]:   File "/usr/bin/networkd-dispatcher", line 348, in handle_state
окт 24 18:59:22 acer-biz networkd-dispatcher[1089]:     raise UnknownState(operational_state)
окт 24 18:59:22 acer-biz networkd-dispatcher[1089]: UnknownState: n/a
окт 24 18:59:22 acer-biz networkd-dispatcher[1089]: ERROR:Unknown state for interface NetworkctlListState(idx=3, name='wlan0', type='wlan', operational='n/a', administrative='unmanaged'): n/a
окт 24 18:59:22 acer-biz networkd-dispatcher[1089]: Traceback (most recent call last):
окт 24 18:59:22 acer-biz networkd-dispatcher[1089]:   File "/usr/bin/networkd-dispatcher", line 298, in trigger_all
окт 24 18:59:22 acer-biz networkd-dispatcher[1089]:     self.handle_state(iface_name,
окт 24 18:59:22 acer-biz networkd-dispatcher[1089]:   File "/usr/bin/networkd-dispatcher", line 348, in handle_state
окт 24 18:59:22 acer-biz networkd-dispatcher[1089]:     raise UnknownState(operational_state)
окт 24 18:59:22 acer-biz networkd-dispatcher[1089]: UnknownState: n/a
окт 24 18:59:22 acer-biz dbus-daemon[1076]: [system] Successfully activated service 'org.freedesktop.hostname1'
окт 24 18:59:22 acer-biz systemd[1]: Started Dispatcher daemon for systemd-networkd.
окт 24 18:59:22 acer-biz systemd[1]: Started Hostname Service.
окт 24 18:59:22 acer-biz NetworkManager[1077]: <info>  [1729789162.2808] hostname: hostname: using hostnamed
окт 24 18:59:22 acer-biz NetworkManager[1077]: <info>  [1729789162.2810] hostname: static hostname changed from (none) to "acer-biz"
окт 24 18:59:22 acer-biz NetworkManager[1077]: <info>  [1729789162.3162] dns-mgr[0x761000]: init: dns=systemd-resolved rc-manager=unmanaged (auto), plugin=systemd-resolved
окт 24 18:59:22 acer-biz NetworkManager[1077]: <info>  [1729789162.3378] rfkill1: found Wi-Fi radio killswitch (at /sys/devices/soc0/c8000000.mmc/mmc_host/mmc2/mmc2:0001/mmc2:0001:1/ieee80211/phy0/rfkill1) (drive>
окт 24 18:59:22 acer-biz NetworkManager[1077]: <info>  [1729789162.3401] manager[0x758018]: rfkill: Wi-Fi hardware radio set enabled
окт 24 18:59:22 acer-biz NetworkManager[1077]: <info>  [1729789162.3426] manager[0x758018]: rfkill: WWAN hardware radio set enabled
окт 24 18:59:22 acer-biz NetworkManager[1077]: <info>  [1729789162.4219] Loaded device plugin: NMTeamFactory (/usr/lib/arm-linux-gnueabihf/NetworkManager/1.36.6/libnm-device-plugin-team.so)
окт 24 18:59:22 acer-biz systemd[1]: Started Modem Manager.
окт 24 18:59:22 acer-biz NetworkManager[1077]: <info>  [1729789162.4558] Loaded device plugin: NMWifiFactory (/usr/lib/arm-linux-gnueabihf/NetworkManager/1.36.6/libnm-device-plugin-wifi.so)
окт 24 18:59:22 acer-biz NetworkManager[1077]: <info>  [1729789162.4742] Loaded device plugin: NMAtmManager (/usr/lib/arm-linux-gnueabihf/NetworkManager/1.36.6/libnm-device-plugin-adsl.so)
окт 24 18:59:22 acer-biz NetworkManager[1077]: <info>  [1729789162.4962] Loaded device plugin: NMWwanFactory (/usr/lib/arm-linux-gnueabihf/NetworkManager/1.36.6/libnm-device-plugin-wwan.so)
окт 24 18:59:22 acer-biz NetworkManager[1077]: <info>  [1729789162.5390] Loaded device plugin: NMBluezManager (/usr/lib/arm-linux-gnueabihf/NetworkManager/1.36.6/libnm-device-plugin-bluetooth.so)
окт 24 18:59:22 acer-biz NetworkManager[1077]: <info>  [1729789162.5444] manager: rfkill: Wi-Fi enabled by radio killswitch; enabled by state file
окт 24 18:59:22 acer-biz NetworkManager[1077]: <info>  [1729789162.5523] manager: rfkill: WWAN enabled by radio killswitch; enabled by state file
окт 24 18:59:22 acer-biz NetworkManager[1077]: <info>  [1729789162.5527] manager: Networking is enabled by state file
окт 24 18:59:22 acer-biz dbus-daemon[1076]: [system] Activating via systemd: service name='org.freedesktop.nm_dispatcher' unit='dbus-org.freedesktop.nm-dispatcher.service' requested by ':1.5' (uid=0 pid=1077 comm>
окт 24 18:59:22 acer-biz NetworkManager[1077]: <info>  [1729789162.5755] settings: Loaded settings plugin: ifupdown ("/usr/lib/arm-linux-gnueabihf/NetworkManager/1.36.6/libnm-settings-plugin-ifupdown.so")
окт 24 18:59:22 acer-biz NetworkManager[1077]: <info>  [1729789162.5757] settings: Loaded settings plugin: keyfile (internal)
окт 24 18:59:22 acer-biz NetworkManager[1077]: <info>  [1729789162.5758] ifupdown: management mode: unmanaged
окт 24 18:59:22 acer-biz NetworkManager[1077]: <info>  [1729789162.5759] ifupdown:       interface-parser: parsing file /etc/network/interfaces
окт 24 18:59:22 acer-biz NetworkManager[1077]: <info>  [1729789162.5761] ifupdown:       interface-parser: source line includes interfaces file(s) /etc/network/interfaces.d/*
окт 24 18:59:22 acer-biz NetworkManager[1077]: <info>  [1729789162.5763] ifupdown: interfaces file /etc/network/interfaces.d/* doesn't exist
окт 24 18:59:22 acer-biz NetworkManager[1077]: <info>  [1729789162.5764] ifupdown:       interface-parser: finished parsing file /etc/network/interfaces
окт 24 18:59:22 acer-biz NetworkManager[1077]: <info>  [1729789162.6250] dhcp-init: Using DHCP client 'internal'
окт 24 18:59:22 acer-biz NetworkManager[1077]: <info>  [1729789162.6334] device (lo): carrier: link connected
окт 24 18:59:22 acer-biz NetworkManager[1077]: <info>  [1729789162.6353] manager: (lo): new Generic device (/org/freedesktop/NetworkManager/Devices/1)
окт 24 18:59:22 acer-biz NetworkManager[1077]: <info>  [1729789162.6405] device (usb0): carrier: link connected
окт 24 18:59:22 acer-biz systemd[1]: Starting Network Manager Script Dispatcher Service...
окт 24 18:59:22 acer-biz NetworkManager[1077]: <info>  [1729789162.6680] manager: (usb0): new Ethernet device (/org/freedesktop/NetworkManager/Devices/2)
окт 24 18:59:22 acer-biz NetworkManager[1077]: <info>  [1729789162.6844] device (wlan0): driver supports Access Point (AP) mode
окт 24 18:59:22 acer-biz NetworkManager[1077]: <info>  [1729789162.7144] manager: (wlan0): new 802.11 Wi-Fi device (/org/freedesktop/NetworkManager/Devices/3)
окт 24 18:59:22 acer-biz NetworkManager[1077]: <info>  [1729789162.7164] device (wlan0): state change: unmanaged -> unavailable (reason 'managed', sys-iface-state: 'external')
окт 24 18:59:22 acer-biz dbus-daemon[1076]: [system] Successfully activated service 'org.freedesktop.nm_dispatcher'
окт 24 18:59:22 acer-biz systemd[1]: Started Network Manager Script Dispatcher Service.
окт 24 18:59:22 acer-biz kernel: ieee80211 phy0: _brcmf_set_multicast_list: BRCMF_C_SET_PROMISC unsupported
окт 24 18:59:23 acer-biz NetworkManager[1077]: <info>  [1729789163.0123] modem-manager: ModemManager available
окт 24 18:59:23 acer-biz wpa_supplicant[1107]: dbus: fill_dict_with_properties dbus_interface=fi.w1.wpa_supplicant1.Interface.P2PDevice dbus_property=P2PDeviceConfig getter failed
окт 24 18:59:23 acer-biz NetworkManager[1077]: <info>  [1729789163.2439] device (wlan0): supplicant interface state: internal-starting -> disconnected
окт 24 18:59:23 acer-biz NetworkManager[1077]: <info>  [1729789163.2455] device (wlan0): state change: unavailable -> disconnected (reason 'supplicant-available', sys-iface-state: 'managed')
окт 24 18:59:23 acer-biz whoopsie-upload-all[1169]: ERROR: whoopsie.path is not enabled
окт 24 18:59:23 acer-biz systemd[1]: apport-autoreport.service: Main process exited, code=exited, status=1/FAILURE
окт 24 18:59:23 acer-biz systemd[1]: apport-autoreport.service: Failed with result 'exit-code'.
окт 24 18:59:23 acer-biz systemd[1]: Failed to start Process error reports when automatic reporting is enabled.
окт 24 18:59:23 acer-biz systemd[1]: apport-autoreport.service: Consumed 1.074s CPU time.
окт 24 18:59:23 acer-biz NetworkManager[1077]: <info>  [1729789163.9083] policy: auto-activating connection 'BizON' (f9f222ee-5f0e-439e-9211-2d651f8a823f)
окт 24 18:59:23 acer-biz NetworkManager[1077]: <info>  [1729789163.9273] device (wlan0): Activation: starting connection 'BizON' (f9f222ee-5f0e-439e-9211-2d651f8a823f)
окт 24 18:59:23 acer-biz NetworkManager[1077]: <info>  [1729789163.9288] device (wlan0): state change: disconnected -> prepare (reason 'none', sys-iface-state: 'managed')
окт 24 18:59:23 acer-biz NetworkManager[1077]: <info>  [1729789163.9340] manager: NetworkManager state is now CONNECTING
окт 24 18:59:23 acer-biz NetworkManager[1077]: <info>  [1729789163.9356] device (wlan0): state change: prepare -> config (reason 'none', sys-iface-state: 'managed')
окт 24 18:59:23 acer-biz NetworkManager[1077]: <info>  [1729789163.9451] device (wlan0): Activation: (wifi) access point 'BizON' has security, but secrets are required.
окт 24 18:59:23 acer-biz NetworkManager[1077]: <info>  [1729789163.9459] device (wlan0): state change: config -> need-auth (reason 'none', sys-iface-state: 'managed')
окт 24 18:59:23 acer-biz NetworkManager[1077]: <info>  [1729789163.9625] device (wlan0): state change: need-auth -> prepare (reason 'none', sys-iface-state: 'managed')
окт 24 18:59:23 acer-biz NetworkManager[1077]: <info>  [1729789163.9675] device (wlan0): state change: prepare -> config (reason 'none', sys-iface-state: 'managed')
окт 24 18:59:23 acer-biz NetworkManager[1077]: <info>  [1729789163.9699] device (wlan0): Activation: (wifi) connection 'BizON' has security, and secrets exist.  No new secrets needed.
окт 24 18:59:23 acer-biz NetworkManager[1077]: <info>  [1729789163.9720] Config: added 'ssid' value 'BizON'
окт 24 18:59:23 acer-biz NetworkManager[1077]: <info>  [1729789163.9721] Config: added 'scan_ssid' value '1'
окт 24 18:59:23 acer-biz NetworkManager[1077]: <info>  [1729789163.9722] Config: added 'bgscan' value 'simple:30:-70:86400'
окт 24 18:59:23 acer-biz NetworkManager[1077]: <info>  [1729789163.9723] Config: added 'key_mgmt' value 'WPA-PSK WPA-PSK-SHA256 FT-PSK'
окт 24 18:59:23 acer-biz NetworkManager[1077]: <info>  [1729789163.9724] Config: added 'psk' value '<hidden>'
окт 24 18:59:24 acer-biz wpa_supplicant[1107]: wlan0: Trying to associate with SSID 'BizON'
окт 24 18:59:24 acer-biz NetworkManager[1077]: <info>  [1729789164.0939] device (wlan0): supplicant interface state: disconnected -> associating
окт 24 18:59:24 acer-biz wpa_supplicant[1107]: wlan0: Associated with 34:ce:00:6d:22:e3
окт 24 18:59:24 acer-biz wpa_supplicant[1107]: wlan0: CTRL-EVENT-SUBNET-STATUS-UPDATE status=0
окт 24 18:59:24 acer-biz wpa_supplicant[1107]: wlan0: CTRL-EVENT-REGDOM-CHANGE init=COUNTRY_IE type=COUNTRY alpha2=GB
окт 24 18:59:24 acer-biz NetworkManager[1077]: <info>  [1729789164.2730] device (wlan0): supplicant interface state: associating -> associated
окт 24 18:59:24 acer-biz wpa_supplicant[1107]: wlan0: WPA: Key negotiation completed with 34:ce:00:6d:22:e3 [PTK=CCMP GTK=CCMP]
окт 24 18:59:24 acer-biz wpa_supplicant[1107]: wlan0: CTRL-EVENT-CONNECTED - Connection to 34:ce:00:6d:22:e3 completed [id=0 id_str=]
окт 24 18:59:24 acer-biz NetworkManager[1077]: <info>  [1729789164.2867] device (wlan0): supplicant interface state: associated -> 4way_handshake
окт 24 18:59:24 acer-biz NetworkManager[1077]: <info>  [1729789164.2952] device (wlan0): supplicant interface state: 4way_handshake -> completed
окт 24 18:59:24 acer-biz NetworkManager[1077]: <info>  [1729789164.2969] device (wlan0): Activation: (wifi) Stage 2 of 5 (Device Configure) successful. Connected to wireless network "BizON"
окт 24 18:59:24 acer-biz NetworkManager[1077]: <info>  [1729789164.2991] device (wlan0): state change: config -> ip-config (reason 'none', sys-iface-state: 'managed')
окт 24 18:59:24 acer-biz avahi-daemon[1072]: Joining mDNS multicast group on interface wlan0.IPv4 with address 192.168.1.45.
окт 24 18:59:24 acer-biz avahi-daemon[1072]: New relevant interface wlan0.IPv4 for mDNS.
окт 24 18:59:24 acer-biz NetworkManager[1077]: <info>  [1729789164.3297] device (wlan0): state change: ip-config -> ip-check (reason 'none', sys-iface-state: 'managed')
окт 24 18:59:24 acer-biz avahi-daemon[1072]: Registering new address record for 192.168.1.45 on wlan0.IPv4.
окт 24 18:59:24 acer-biz NetworkManager[1077]: <info>  [1729789164.3457] policy: set 'BizON' (wlan0) as default for IPv4 routing and DNS
окт 24 18:59:24 acer-biz avahi-daemon[1072]: Joining mDNS multicast group on interface wlan0.IPv6 with address fe80::b6c:b9ce:6e30:6ca5.
окт 24 18:59:24 acer-biz avahi-daemon[1072]: New relevant interface wlan0.IPv6 for mDNS.
окт 24 18:59:24 acer-biz avahi-daemon[1072]: Registering new address record for fe80::b6c:b9ce:6e30:6ca5 on wlan0.*.
окт 24 18:59:24 acer-biz systemd-resolved[1063]: wlan0: Bus client set default route setting: yes
окт 24 18:59:24 acer-biz systemd-resolved[1063]: wlan0: Bus client set DNS server list to: 192.168.1.1, 8.8.8.8, 8.8.4.4
окт 24 18:59:24 acer-biz systemd[1]: Started Bluetooth management mechanism.
окт 24 18:59:24 acer-biz NetworkManager[1077]: <info>  [1729789164.6388] device (wlan0): state change: ip-check -> secondaries (reason 'none', sys-iface-state: 'managed')
окт 24 18:59:24 acer-biz NetworkManager[1077]: <info>  [1729789164.6411] device (wlan0): state change: secondaries -> activated (reason 'none', sys-iface-state: 'managed')
окт 24 18:59:24 acer-biz NetworkManager[1077]: <info>  [1729789164.6499] manager: NetworkManager state is now CONNECTED_SITE
окт 24 18:59:24 acer-biz NetworkManager[1077]: <info>  [1729789164.6615] device (wlan0): Activation: successful, device activated.
окт 24 18:59:24 acer-biz NetworkManager[1077]: <info>  [1729789164.6775] manager: NetworkManager state is now CONNECTED_GLOBAL
окт 24 18:59:24 acer-biz NetworkManager[1077]: <info>  [1729789164.6838] manager: startup complete
окт 24 18:59:24 acer-biz systemd[1]: Finished Network Manager Wait Online.
окт 24 18:59:24 acer-biz systemd[1]: Reached target Network is Online.
окт 24 18:59:24 acer-biz systemd[1]: Started Download data for packages that failed at package install time.
